Component: ARM Compiler 5.06 update 6 (build 750) Tool: armlink [4d35ed]

==============================================================================

Section Cross References

    hal_task.o(i.HalTask_Init) refers to hal_task.o(.data) for g_HalTask_Id
    user_task.o(i.UserTask_Init) refers to user_task.o(i.UserTask_Send_Event) for UserTask_Send_Event
    user_task.o(i.UserTask_Init) refers to user_task.o(.data) for g_UserTask_Id
    user_task.o(i.UserTask_Process) refers to osal_clock.o(i.OS_Clock_GetSeconds) for OS_Clock_GetSeconds
    user_task.o(i.UserTask_Process) refers to segger_rtt_printf.o(i.SEGGER_RTT_printf) for SEGGER_RTT_printf
    user_task.o(i.UserTask_Process) refers to osal_timer.o(i.OS_Timer_Start) for OS_Timer_Start
    user_task.o(i.UserTask_Process) refers to stm32f4xx_bsp_usart.o(i.BSP_USART_WriteBytes_DMA) for BSP_USART_WriteBytes_DMA
    user_task.o(i.UserTask_Process) refers to user_task.o(.data) for g_UserTask_Id
    user_task.o(i.UserTask_Send_Event) refers to osal_core.o(i.OS_Events_Set) for OS_Events_Set
    user_task.o(i.UserTask_Send_Event) refers to user_task.o(.data) for g_UserTask_Id
    bsp_init.o(i.BSP_Init) refers to segger_rtt_printf.o(i.SEGGER_RTT_printf) for SEGGER_RTT_printf
    bsp_init.o(i.BSP_Init) refers to stm32f4xx_bsp_usart.o(i.BSP_USART_Open) for BSP_USART_Open
    bsp_init.o(i.BSP_Init) refers to stm32f4xx_bsp_adc.o(i.BSP_ADC_Open) for BSP_ADC_Open
    bsp_init.o(i.BSP_Init) refers to stm32f4xx_bsp_spi.o(i.BSP_SPI_Open) for BSP_SPI_Open
    bsp_init.o(i.BSP_Init) refers to malloc.o(i.my_mem_init) for my_mem_init
    bsp_init.o(i.Board_Init) refers to segger_rtt_printf.o(i.SEGGER_RTT_printf) for SEGGER_RTT_printf
    bsp_init.o(i.Board_Init) refers to stm32f4xx_bsp_systick.o(i.BSP_Systick_Init) for BSP_Systick_Init
    stm32f4xx_bsp_systick.o(i.BSP_Systick_Init) refers to stm32f4xx_rcc.o(i.RCC_GetClocksFreq) for RCC_GetClocksFreq
    stm32f4xx_bsp_usart.o(i.BSP_USART1_TxDMA_IRQHandler) refers to stm32f4xx_dma.o(i.DMA_GetITStatus) for DMA_GetITStatus
    stm32f4xx_bsp_usart.o(i.BSP_USART1_TxDMA_IRQHandler) refers to stm32f4xx_dma.o(i.DMA_ClearITPendingBit) for DMA_ClearITPendingBit
    stm32f4xx_bsp_usart.o(i.BSP_USART1_TxDMA_IRQHandler) refers to stm32f4xx_dma.o(i.DMA_GetCurrDataCounter) for DMA_GetCurrDataCounter
    stm32f4xx_bsp_usart.o(i.BSP_USART1_TxDMA_IRQHandler) refers to stm32f4xx_dma.o(i.DMA_Cmd) for DMA_Cmd
    stm32f4xx_bsp_usart.o(i.BSP_USART1_TxDMA_IRQHandler) refers to stm32f4xx_bsp_usart.o(.data) for STM32F4xxUSART_Instance
    stm32f4xx_bsp_usart.o(i.BSP_USART_IRQHandler) refers to stm32f4xx_usart.o(i.USART_GetITStatus) for USART_GetITStatus
    stm32f4xx_bsp_usart.o(i.BSP_USART_IRQHandler) refers to stm32f4xx_usart.o(i.USART_ClearITPendingBit) for USART_ClearITPendingBit
    stm32f4xx_bsp_usart.o(i.BSP_USART_IRQHandler) refers to stm32f4xx_usart.o(i.USART_ReceiveData) for USART_ReceiveData
    stm32f4xx_bsp_usart.o(i.BSP_USART_IRQHandler) refers to stm32f4xx_dma.o(i.DMA_Cmd) for DMA_Cmd
    stm32f4xx_bsp_usart.o(i.BSP_USART_IRQHandler) refers to stm32f4xx_bsp_usart.o(.bss) for USART1_Rx_Buf
    stm32f4xx_bsp_usart.o(i.BSP_USART_Open) refers to rt_memclr_w.o(.text) for __aeabi_memclr4
    stm32f4xx_bsp_usart.o(i.BSP_USART_Open) refers to stm32f4xx_rcc.o(i.RCC_AHB1PeriphClockCmd) for RCC_AHB1PeriphClockCmd
    stm32f4xx_bsp_usart.o(i.BSP_USART_Open) refers to stm32f4xx_rcc.o(i.RCC_APB2PeriphClockCmd) for RCC_APB2PeriphClockCmd
    stm32f4xx_bsp_usart.o(i.BSP_USART_Open) refers to stm32f4xx_gpio.o(i.GPIO_StructInit) for GPIO_StructInit
    stm32f4xx_bsp_usart.o(i.BSP_USART_Open) refers to stm32f4xx_gpio.o(i.GPIO_Init) for GPIO_Init
    stm32f4xx_bsp_usart.o(i.BSP_USART_Open) refers to stm32f4xx_gpio.o(i.GPIO_PinAFConfig) for GPIO_PinAFConfig
    stm32f4xx_bsp_usart.o(i.BSP_USART_Open) refers to stm32f4xx_usart.o(i.USART_StructInit) for USART_StructInit
    stm32f4xx_bsp_usart.o(i.BSP_USART_Open) refers to stm32f4xx_usart.o(i.USART_Init) for USART_Init
    stm32f4xx_bsp_usart.o(i.BSP_USART_Open) refers to stm32f4xx_dma.o(i.DMA_StructInit) for DMA_StructInit
    stm32f4xx_bsp_usart.o(i.BSP_USART_Open) refers to stm32f4xx_dma.o(i.DMA_Init) for DMA_Init
    stm32f4xx_bsp_usart.o(i.BSP_USART_Open) refers to misc.o(i.NVIC_Init) for NVIC_Init
    stm32f4xx_bsp_usart.o(i.BSP_USART_Open) refers to stm32f4xx_dma.o(i.DMA_ITConfig) for DMA_ITConfig
    stm32f4xx_bsp_usart.o(i.BSP_USART_Open) refers to stm32f4xx_usart.o(i.USART_DMACmd) for USART_DMACmd
    stm32f4xx_bsp_usart.o(i.BSP_USART_Open) refers to stm32f4xx_dma.o(i.DMA_Cmd) for DMA_Cmd
    stm32f4xx_bsp_usart.o(i.BSP_USART_Open) refers to stm32f4xx_usart.o(i.USART_ITConfig) for USART_ITConfig
    stm32f4xx_bsp_usart.o(i.BSP_USART_Open) refers to stm32f4xx_usart.o(i.USART_Cmd) for USART_Cmd
    stm32f4xx_bsp_usart.o(i.BSP_USART_Open) refers to stm32f4xx_bsp_usart.o(.bss) for USART1_Tx_Buf
[...]
    ..\\..\\..\\..\\compoents\\STM32F4xx_StdPeriph_Driver\\src\\stm32f4xx_cec.c 0x00000000   Number         0  stm32f4xx_cec.o ABSOLUTE
    ..\\..\\..\\..\\compoents\\STM32F4xx_StdPeriph_Driver\\src\\stm32f4xx_crc.c 0x00000000   Number         0  stm32f4xx_crc.o ABSOLUTE
    ..\\..\\..\\..\\compoents\\STM32F4xx_StdPeriph_Driver\\src\\stm32f4xx_dac.c 0x00000000   Number         0  stm32f4xx_dac.o ABSOLUTE
    ..\\..\\..\\..\\compoents\\STM32F4xx_StdPeriph_Driver\\src\\stm32f4xx_dbgmcu.c 0x00000000   Number         0  stm32f4xx_dbgmcu.o ABSOLUTE
    ..\\..\\..\\..\\compoents\\STM32F4xx_StdPeriph_Driver\\src\\stm32f4xx_dcmi.c 0x00000000   Number         0  stm32f4xx_dcmi.o ABSOLUTE
    ..\\..\\..\\..\\compoents\\STM32F4xx_StdPeriph_Driver\\src\\stm32f4xx_dfsdm.c 0x00000000   Number         0  stm32f4xx_dfsdm.o ABSOLUTE
    ..\\..\\..\\..\\compoents\\STM32F4xx_StdPeriph_Driver\\src\\stm32f4xx_dma.c 0x00000000   Number         0  stm32f4xx_dma.o ABSOLUTE
    ..\\..\\..\\..\\compoents\\STM32F4xx_StdPeriph_Driver\\src\\stm32f4xx_dma2d.c 0x00000000   Number         0  stm32f4xx_dma2d.o ABSOLUTE
    ..\\..\\..\\..\\compoents\\STM32F4xx_StdPeriph_Driver\\src\\stm32f4xx_dsi.c 0x00000000   Number         0  stm32f4xx_dsi.o ABSOLUTE
    ..\\..\\..\\..\\compoents\\STM32F4xx_StdPeriph_Driver\\src\\stm32f4xx_exti.c 0x00000000   Number         0  stm32f4xx_exti.o ABSOLUTE
    ..\\..\\..\\..\\compoents\\STM32F4xx_StdPeriph_Driver\\src\\stm32f4xx_flash.c 0x00000000   Number         0  stm32f4xx_flash.o ABSOLUTE
    ..\\..\\..\\..\\compoents\\STM32F4xx_StdPeriph_Driver\\src\\stm32f4xx_fsmc.c 0x00000000   Number         0  stm32f4xx_fsmc.o ABSOLUTE
    ..\\..\\..\\..\\compoents\\STM32F4xx_StdPeriph_Driver\\src\\stm32f4xx_gpio.c 0x00000000   Number         0  stm32f4xx_gpio.o ABSOLUTE
    ..\\..\\..\\..\\compoents\\STM32F4xx_StdPeriph_Driver\\src\\stm32f4xx_hash.c 0x00000000   Number         0  stm32f4xx_hash.o ABSOLUTE
    ..\\..\\..\\..\\compoents\\STM32F4xx_StdPeriph_Driver\\src\\stm32f4xx_i2c.c 0x00000000   Number         0  stm32f4xx_i2c.o ABSOLUTE
    ..\\..\\..\\..\\compoents\\STM32F4xx_StdPeriph_Driver\\src\\stm32f4xx_iwdg.c 0x00000000   Number         0  stm32f4xx_iwdg.o ABSOLUTE
    ..\\..\\..\\..\\compoents\\STM32F4xx_StdPeriph_Driver\\src\\stm32f4xx_lptim.c 0x00000000   Number         0  stm32f4xx_lptim.o ABSOLUTE
    ..\\..\\..\\..\\compoents\\STM32F4xx_StdPeriph_Driver\\src\\stm32f4xx_ltdc.c 0x00000000   Number         0  stm32f4xx_ltdc.o ABSOLUTE
    ..\\..\\..\\..\\compoents\\STM32F4xx_StdPeriph_Driver\\src\\stm32f4xx_pwr.c 0x00000000   Number         0  stm32f4xx_pwr.o ABSOLUTE
    ..\\..\\..\\..\\compoents\\STM32F4xx_StdPeriph_Driver\\src\\stm32f4xx_qspi.c 0x00000000   Number         0  stm32f4xx_qspi.o ABSOLUTE
    ..\\..\\..\\..\\compoents\\STM32F4xx_StdPeriph_Driver\\src\\stm32f4xx_rcc.c 0x00000000   Number         0  stm32f4xx_rcc.o ABSOLUTE
    ..\\..\\..\\..\\compoents\\STM32F4xx_StdPeriph_Driver\\src\\stm32f4xx_rng.c 0x00000000   Number         0  stm32f4xx_rng.o ABSOLUTE
    ..\\..\\..\\..\\compoents\\STM32F4xx_StdPeriph_Driver\\src\\stm32f4xx_rtc.c 0x00000000   Number         0  stm32f4xx_rtc.o ABSOLUTE
    ..\\..\\..\\..\\compoents\\STM32F4xx_StdPeriph_Driver\\src\\stm32f4xx_sai.c 0x00000000   Number         0  stm32f4xx_sai.o ABSOLUTE
    ..\\..\\..\\..\\compoents\\STM32F4xx_StdPeriph_Driver\\src\\stm32f4xx_sdio.c 0x00000000   Number         0  stm32f4xx_sdio.o ABSOLUTE
    ..\\..\\..\\..\\compoents\\STM32F4xx_StdPeriph_Driver\\src\\stm32f4xx_spdifrx.c 0x00000000   Number         0  stm32f4xx_spdifrx.o ABSOLUTE
    ..\\..\\..\\..\\compoents\\STM32F4xx_StdPeriph_Driver\\src\\stm32f4xx_spi.c 0x00000000   Number         0  stm32f4xx_spi.o ABSOLUTE
    ..\\..\\..\\..\\compoents\\STM32F4xx_StdPeriph_Driver\\src\\stm32f4xx_syscfg.c 0x00000000   Number         0  stm32f4xx_syscfg.o ABSOLUTE
    ..\\..\\..\\..\\compoents\\STM32F4xx_StdPeriph_Driver\\src\\stm32f4xx_tim.c 0x00000000   Number         0  stm32f4xx_tim.o ABSOLUTE
    ..\\..\\..\\..\\compoents\\STM32F4xx_StdPeriph_Driver\\src\\stm32f4xx_usart.c 0x00000000   Number         0  stm32f4xx_usart.o ABSOLUTE
    ..\\..\\..\\..\\compoents\\STM32F4xx_StdPeriph_Driver\\src\\stm32f4xx_wwdg.c 0x00000000   Number         0  stm32f4xx_wwdg.o ABSOLUTE
    ..\\..\\..\\components\\bsp\\bsp_init.c  0x00000000   Number         0  bsp_init.o ABSOLUTE
    ..\\..\\..\\components\\bsp\\stm32f4xx_bsp\\src\\stm32f4xx_bsp_adc.c 0x00000000   Number         0  stm32f4xx_bsp_adc.o ABSOLUTE
    ..\\..\\..\\components\\bsp\\stm32f4xx_bsp\\src\\stm32f4xx_bsp_spi.c 0x00000000   Number         0  stm32f4xx_bsp_spi.o ABSOLUTE
    ..\\..\\..\\components\\bsp\\stm32f4xx_bsp\\src\\stm32f4xx_bsp_systick.c 0x00000000   Number         0  stm32f4xx_bsp_systick.o ABSOLUTE
    ..\\..\\..\\components\\bsp\\stm32f4xx_bsp\\src\\stm32f4xx_bsp_usart.c 0x00000000   Number         0  stm32f4xx_bsp_usart.o ABSOLUTE
    ..\\..\\..\\components\\mdl\\MALLOC\\malloc.c 0x00000000   Number         0  malloc.o ABSOLUTE
    ..\\..\\..\\components\\mdl\\osal\\ports\\osal_cpu.c 0x00000000   Number         0  osal_cpu.o ABSOLUTE
    ..\\..\\..\\components\\mdl\\osal\\src\\osal.c 0x00000000   Number         0  osal.o ABSOLUTE
    ..\\..\\..\\components\\mdl\\osal\\src\\osal_clock.c 0x00000000   Number         0  osal_clock.o ABSOLUTE
    ..\\..\\..\\components\\mdl\\osal\\src\\osal_core.c 0x00000000   Number         0  osal_core.o ABSOLUTE
    ..\\..\\..\\components\\mdl\\osal\\src\\osal_msg.c 0x00000000   Number         0  osal_msg.o ABSOLUTE
    ..\\..\\..\\components\\mdl\\osal\\src\\osal_task.c 0x00000000   Number         0  osal_task.o ABSOLUTE
    ..\\..\\..\\components\\mdl\\osal\\src\\osal_timeout.c 0x00000000   Number         0  osal_timeout.o ABSOLUTE
    ..\\..\\..\\components\\mdl\\osal\\src\\osal_timer.c 0x00000000   Number         0  osal_timer.o ABSOLUTE
    ..\\source\\application\\hal_task\\hal_task.c 0x00000000   Number         0  hal_task.o ABSOLUTE
    ..\\source\\application\\user_task\\user_task.c 0x00000000   Number         0  user_task.o ABSOLUTE
    ..\\source\\main.c                       0x00000000   Number         0  main.o ABSOLUTE
    ..\\source\\stm32f4xx_it.c               0x00000000   Number         0  stm32f4xx_it.o ABSOLUTE
    ..\\source\\system_stm32f4xx.c           0x00000000   Number         0  system_stm32f4xx.o ABSOLUTE
    ..\source\application\hal_task\hal_task.c 0x00000000   Number         0  hal_task.o ABSOLUTE
    ..\source\application\user_task\user_task.c 0x00000000   Number         0  user_task.o ABSOLUTE
    ..\source\fml\system\system_init.c       0x00000000   Number         0  system_init.o ABSOLUTE
    ..\source\fml\system\system_param.c      0x00000000   Number         0  system_param.o ABSOLUTE
    ..\source\main.c                         0x00000000   Number         0  main.o ABSOLUTE
    ..\source\stm32f4xx_it.c                 0x00000000   Number         0  stm32f4xx_it.o ABSOLUTE
    ..\source\system_stm32f4xx.c             0x00000000   Number         0  system_stm32f4xx.o ABSOLUTE
    dc.s                                     0x00000000   Number         0  dc.o ABSOLUTE
    RESET                                    0x08000000   Section      392  startup_stm32f407xx.o(RESET)
    !!!main                                  0x08000188   Section        8  __main.o(!!!main)
    !!!scatter                               0x08000190   Section       52  __scatter.o(!!!scatter)
    !!handler_copy                           0x080001c4   Section       26  __scatter_copy.o(!!handler_copy)
    !!handler_zi                             0x080001e0   Section       28  __scatter_zi.o(!!handler_zi)
    .ARM.Collect$$libinit$$00000000          0x080001fc   Section        2  libinit.o(.ARM.Collect$$libinit$$00000000)
    .ARM.Collect$$libinit$$00000001          0x080001fe   Section        4  libinit2.o(.ARM.Collect$$libinit$$00000001)
    .ARM.Collect$$libinit$$00000004          0x08000202   Section        0  libinit2.o(.ARM.Collect$$libinit$$00000004)
    .ARM.Collect$$libinit$$0000000A          0x08000202   Section        0  libinit2.o(.ARM.Collect$$libinit$$0000000A)
    .ARM.Collect$$libinit$$0000000C          0x08000202   Section        0  libinit2.o(.ARM.Collect$$libinit$$0000000C)
    .ARM.Collect$$libinit$$0000000E          0x08000202   Section        0  libinit2.o(.ARM.Collect$$libinit$$0000000E)
    .ARM.Collect$$libinit$$00000011          0x08000202   Section        0  libinit2.o(.ARM.Collect$$libinit$$00000011)
    .ARM.Collect$$libinit$$00000013          0x08000202   Section        0  libinit2.o(.ARM.Collect$$libinit$$00000013)
    .ARM.Collect$$libinit$$00000015          0x08000202   Section        0  libinit2.o(.ARM.Collect$$libinit$$00000015)
    .ARM.Collect$$libinit$$00000017          0x08000202   Section        0  libinit2.o(.ARM.Collect$$libinit$$00000017)
    .ARM.Collect$$libinit$$00000019          0x08000202   Section        0  libinit2.o(.ARM.Collect$$libinit$$00000019)
    .ARM.Collect$$libinit$$0000001B          0x08000202   Section        0  libinit2.o(.ARM.Collect$$libinit$$0000001B)
    .ARM.Collect$$libinit$$0000001D          0x08000202   Section        0  libinit2.o(.ARM.Collect$$libinit$$0000001D)
    .ARM.Collect$$libinit$$0000001F          0x08000202   Section        0  libinit2.o(.ARM.Collect$$libinit$$0000001F)
    .ARM.Collect$$libinit$$00000021          0x08000202   Section        0  libinit2.o(.ARM.Collect$$libinit$$00000021)
    .ARM.Collect$$libinit$$00000023          0x08000202   Section        0  libinit2.o(.ARM.Collect$$libinit$$00000023)
    .ARM.Collect$$libinit$$00000025          0x08000202   Section        0  libinit2.o(.ARM.Collect$$libinit$$00000025)
    .ARM.Collect$$libinit$$0000002C          0x08000202   Section        0  libinit2.o(.ARM.Collect$$libinit$$0000002C)
    .ARM.Collect$$libinit$$0000002E          0x08000202   Section        0  libinit2.o(.ARM.Collect$$libinit$$0000002E)
    .ARM.Collect$$libinit$$00000030          0x08000202   Section        0  libinit2.o(.ARM.Collect$$libinit$$00000030)
    .ARM.Collect$$libinit$$00000032          0x08000202   Section        0  libinit2.o(.ARM.Collect$$libinit$$00000032)
    .ARM.Collect$$libinit$$00000033          0x08000202   Section        2  libinit2.o(.ARM.Collect$$libinit$$00000033)
    .ARM.Collect$$libshutdown$$00000000      0x08000204   Section        2  libshutdown.o(.ARM.Collect$$libshutdown$$00000000)
    .ARM.Collect$$libshutdown$$00000002      0x08000206   Section        0  libshutdown2.o(.ARM.Collect$$libshutdown$$00000002)
    .ARM.Collect$$libshutdown$$00000004      0x08000206   Section        0  libshutdown2.o(.ARM.Collect$$libshutdown$$00000004)
    .ARM.Collect$$libshutdown$$00000007      0x08000206   Section        0  libshutdown2.o(.ARM.Collect$$libshutdown$$00000007)
    .ARM.Collect$$libshutdown$$0000000A      0x08000206   Section        0  libshutdown2.o(.ARM.Collect$$libshutdown$$0000000A)
    .ARM.Collect$$libshutdown$$0000000C      0x08000206   Section        0  libshutdown2.o(.ARM.Collect$$libshutdown$$0000000C)
    .ARM.Collect$$libshutdown$$0000000F      0x08000206   Section        0  libshutdown2.o(.ARM.Collect$$libshutdown$$0000000F)
    .ARM.Collect$$libshutdown$$00000010      0x08000206   Section        2  libshutdown2.o(.ARM.Collect$$libshutdown$$00000010)
    .ARM.Collect$$rtentry$$00000000          0x08000208   Section        0  __rtentry.o(.ARM.Collect$$rtentry$$00000000)
    .ARM.Collect$$rtentry$$00000002          0x08000208   Section        0  __rtentry2.o(.ARM.Collect$$rtentry$$00000002)
    .ARM.Collect$$rtentry$$00000004          0x08000208   Section        6  __rtentry4.o(.ARM.Collect$$rtentry$$00000004)
    .ARM.Collect$$rtentry$$00000009          0x0800020e   Section        0  __rtentry2.o(.ARM.Collect$$rtentry$$00000009)
    .ARM.Collect$$rtentry$$0000000A          0x0800020e   Section        4  __rtentry2.o(.ARM.Collect$$rtentry$$0000000A)
    .ARM.Collect$$rtentry$$0000000C          0x08000212   Section        0  __rtentry2.o(.ARM.Collect$$rtentry$$0000000C)
    .ARM.Collect$$rtentry$$0000000D          0x08000212   Section        8  __rtentry2.o(.ARM.Collect$$rtentry$$0000000D)
    .ARM.Collect$$rtexit$$00000000           0x0800021a   Section        2  rtexit.o(.ARM.Collect$$rtexit$$00000000)
    .ARM.Collect$$rtexit$$00000002           0x0800021c   Section        0  rtexit2.o(.ARM.Collect$$rtexit$$00000002)
    .ARM.Collect$$rtexit$$00000003           0x0800021c   Section        4  rtexit2.o(.ARM.Collect$$rtexit$$00000003)
    .ARM.Collect$$rtexit$$00000004           0x08000220   Section        6  rtexit2.o(.ARM.Collect$$rtexit$$00000004)
    .text                                    0x08000228   Section       64  startup_stm32f407xx.o(.text)
    $v0                                      0x08000228   Number         0  startup_stm32f407xx.o(.text)
    .text                                    0x08000268   Section        0  strcpy.o(.text)
    .text                                    0x080002b0   Section      138  rt_memcpy_v6.o(.text)
    .text                                    0x0800033a   Section       78  rt_memclr_w.o(.text)
    .text                                    0x08000388   Section        0  heapauxi.o(.text)
    .text                                    0x0800038e   Section      100  rt_memcpy_w.o(.text)
    .text                                    0x080003f2   Section       74  sys_stackheap_outer.o(.text)
    .text                                    0x0800043c   Section        0  exit.o(.text)
    .text                                    0x08000450   Section        8  libspace.o(.text)
    .text                                    0x08000458   Section        0  sys_exit.o(.text)
    .text                                    0x08000464   Section        2  use_no_semi.o(.text)
    .text                                    0x08000466   Section        0  indicate_semi.o(.text)
    i.ADC_Cmd                                0x08000466   Section        0  stm32f4xx_adc.o(i.ADC_Cmd)
    i.ADC_CommonInit                         0x0800047c   Section        0  stm32f4xx_adc.o(i.ADC_CommonInit)
    i.ADC_CommonStructInit                   0x080004ac   Section        0  stm32f4xx_adc.o(i.ADC_CommonStructInit)
    i.ADC_ContinuousModeCmd                  0x080004b8   Section        0  stm32f4xx_adc.o(i.ADC_ContinuousModeCmd)
    i.ADC_DMACmd                             0x080004ce   Section        0  stm32f4xx_adc.o(i.ADC_DMACmd)
    i.ADC_DMARequestAfterLastTransferCmd     0x080004e4   Section        0  stm32f4xx_adc.o(i.ADC_DMARequestAfterLastTransferCmd)
    i.ADC_Init                               0x080004fc   Section        0  stm32f4xx_adc.o(i.ADC_Init)
    i.ADC_RegularChannelConfig               0x08000550   Section        0  stm32f4xx_adc.o(i.ADC_RegularChannelConfig)
    i.ADC_SoftwareStartConv                  0x08000608   Section        0  stm32f4xx_adc.o(i.ADC_SoftwareStartConv)
    i.ADC_StructInit                         0x08000612   Section        0  stm32f4xx_adc.o(i.ADC_StructInit)
    i.BSP_ADC1_DMA_IRQHandler                0x08000628   Section        0  stm32f4xx_bsp_adc.o(i.BSP_ADC1_DMA_IRQHandler)
    i.BSP_ADC_Open                           0x08000648   Section        0  stm32f4xx_bsp_adc.o(i.BSP_ADC_Open)
    i.BSP_Init                               0x080007c8   Section        0  bsp_init.o(i.BSP_Init)
    i.BSP_SPI1_DMA_IRQHandler                0x08000828   Section        0  stm32f4xx_bsp_spi.o(i.BSP_SPI1_DMA_IRQHandler)
    i.BSP_SPI_Open                           0x08000854   Section        0  stm32f4xx_bsp_spi.o(i.BSP_SPI_Open)
    i.BSP_Systick_Init                       0x08000a0c   Section        0  stm32f4xx_bsp_systick.o(i.BSP_Systick_Init)
    i.BSP_USART1_TxDMA_IRQHandler            0x08000a6c   Section        0  stm32f4xx_bsp_usart.o(i.BSP_USART1_TxDMA_IRQHandler)
    i.BSP_USART_IRQHandler                   0x08000b38   Section        0  stm32f4xx_bsp_usart.o(i.BSP_USART_IRQHandler)
    i.BSP_USART_Open                         0x08000bb4   Section        0  stm32f4xx_bsp_usart.o(i.BSP_USART_Open)
    i.BSP_USART_WriteBytes_DMA               0x08000d74   Section        0  stm32f4xx_bsp_usart.o(i.BSP_USART_WriteBytes_DMA)
    i.Board_Init                             0x08000e20   Section        0  bsp_init.o(i.Board_Init)
    i.BusFault_Handler                       0x08000e3c   Section        0  stm32f4xx_it.o(i.BusFault_Handler)
    i.DMA2_Stream0_IRQHandler                0x08000e40   Section        0  stm32f4xx_it.o(i.DMA2_Stream0_IRQHandler)
    i.DMA2_Stream2_IRQHandler                0x08000e74   Section        0  stm32f4xx_it.o(i.DMA2_Stream2_IRQHandler)
    i.DMA2_Stream5_IRQHandler                0x08000ea8   Section        0  stm32f4xx_it.o(i.DMA2_Stream5_IRQHandler)
    i.DMA2_Stream7_IRQHandler                0x08000ed8   Section        0  stm32f4xx_it.o(i.DMA2_Stream7_IRQHandler)
    i.DMA_ClearITPendingBit                  0x08000ee0   Section        0  stm32f4xx_dma.o(i.DMA_ClearITPendingBit)
    i.DMA_Cmd                                0x08000f14   Section        0  stm32f4xx_dma.o(i.DMA_Cmd)
    i.DMA_GetCurrDataCounter                 0x08000f2a   Section        0  stm32f4xx_dma.o(i.DMA_GetCurrDataCounter)
    i.DMA_GetITStatus                        0x08000f34   Section        0  stm32f4xx_dma.o(i.DMA_GetITStatus)
    i.DMA_ITConfig                           0x08000f98   Section        0  stm32f4xx_dma.o(i.DMA_ITConfig)
    i.DMA_Init                               0x08000fd4   Section        0  stm32f4xx_dma.o(i.DMA_Init)
    i.DMA_StructInit                         0x0800102c   Section        0  stm32f4xx_dma.o(i.DMA_StructInit)
    i.DebugMon_Handler                       0x0800104e   Section        0  stm32f4xx_it.o(i.DebugMon_Handler)
    i.GPIO_Init                              0x08001050   Section        0  stm32f4xx_gpio.o(i.GPIO_Init)
    i.GPIO_PinAFConfig                       0x080010e0   Section        0  stm32f4xx_gpio.o(i.GPIO_PinAFConfig)
    i.GPIO_StructInit                        0x08001126   Section        0  stm32f4xx_gpio.o(i.GPIO_StructInit)
    i.HalTask_Init                           0x08001138   Section        0  hal_task.o(i.HalTask_Init)
    i.HalTask_Process                        0x08001144   Section        0  hal_task.o(i.HalTask_Process)
    i.HardFault_Handler                      0x0800114c   Section        0  stm32f4xx_it.o(i.HardFault_Handler)
    i.MemManage_Handler                      0x08001168   Section        0  stm32f4xx_it.o(i.MemManage_Handler)
    i.NMI_Handler                            0x0800116c   Section        0  stm32f4xx_it.o(i.NMI_Handler)
    i.NVIC_Init                              0x08001170   Section        0  misc.o(i.NVIC_Init)
    i.OS_Clock_GetSeconds                    0x080011e8   Section        0  osal_clock.o(i.OS_Clock_GetSeconds)
    i.OS_Clock_GetSystemClock                0x080011fc   Section        0  osal_clock.o(i.OS_Clock_GetSystemClock)
    i.OS_Clock_Update                        0x08001210   Section        0  osal_clock.o(i.OS_Clock_Update)
    i.OS_Events_Set                          0x08001280   Section        0  osal_core.o(i.OS_Events_Set)
    i.OS_Init                                0x080012b4   Section        0  osal_core.o(i.OS_Init)
    i.OS_Msg_Init                            0x080012c4   Section        0  osal_msg.o(i.OS_Msg_Init)
    i.OS_Start                               0x080012c6   Section        0  osal_core.o(i.OS_Start)
    i.OS_Task_Init                           0x080012ce   Section        0  osal_task.o(i.OS_Task_Init)
    i.OS_Timer_Init                          0x080012e4   Section        0  osal_timer.o(i.OS_Timer_Init)
    i.OS_Timer_Start                         0x08001304   Section        0  osal_timer.o(i.OS_Timer_Start)
    i.OS_Timer_Update                        0x08001328   Section        0  osal_timer.o(i.OS_Timer_Update)
    i.PendSV_Handler                         0x0800138c   Section        0  stm32f4xx_it.o(i.PendSV_Handler)
    i.RCC_AHB1PeriphClockCmd                 0x08001390   Section        0  stm32f4xx_rcc.o(i.RCC_AHB1PeriphClockCmd)
    i.RCC_APB2PeriphClockCmd                 0x080013b0   Section        0  stm32f4xx_rcc.o(i.RCC_APB2PeriphClockCmd)
    i.RCC_GetClocksFreq                      0x080013d0   Section        0  stm32f4xx_rcc.o(i.RCC_GetClocksFreq)
    i.SEGGER_RTT_Write                       0x080014b8   Section        0  segger_rtt.o(i.SEGGER_RTT_Write)
    i.SEGGER_RTT_WriteNoLock                 0x08001500   Section        0  segger_rtt.o(i.SEGGER_RTT_WriteNoLock)
    i.SEGGER_RTT_printf                      0x08001584   Section        0  segger_rtt_printf.o(i.SEGGER_RTT_printf)
    i.SEGGER_RTT_vprintf                     0x080015a6   Section        0  segger_rtt_printf.o(i.SEGGER_RTT_vprintf)
    i.SPI_Cmd                                0x080017b0   Section        0  stm32f4xx_spi.o(i.SPI_Cmd)
    i.SPI_I2S_DMACmd                         0x080017c8   Section        0  stm32f4xx_spi.o(i.SPI_I2S_DMACmd)
    i.SPI_Init                               0x080017da   Section        0  stm32f4xx_spi.o(i.SPI_Init)
    i.SPI_StructInit                         0x08001816   Section        0  stm32f4xx_spi.o(i.SPI_StructInit)
    i.SVC_Handler                            0x0800182e   Section        0  stm32f4xx_it.o(i.SVC_Handler)
    i.SetSysClock                            0x08001830   Section        0  system_stm32f4xx.o(i.SetSysClock)
    SetSysClock                              0x08001831   Thumb Code   220  system_stm32f4xx.o(i.SetSysClock)
    i.SysTick_Handler                        0x0800191c   Section        0  stm32f4xx_it.o(i.SysTick_Handler)
    i.SystemInit                             0x0800192c   Section        0  system_stm32f4xx.o(i.SystemInit)
    i.System_Load                            0x08001994   Section        0  system_init.o(i.System_Load)
    i.USART1_IRQHandler                      0x0800199c   Section        0  stm32f4xx_it.o(i.USART1_IRQHandler)
    i.USART_ClearITPendingBit                0x080019d0   Section        0  stm32f4xx_usart.o(i.USART_ClearITPendingBit)
    i.USART_Cmd                              0x080019ee   Section        0  stm32f4xx_usart.o(i.USART_Cmd)
    i.USART_DMACmd                           0x08001a06   Section        0  stm32f4xx_usart.o(i.USART_DMACmd)
    i.USART_GetITStatus                      0x08001a18   Section        0  stm32f4xx_usart.o(i.USART_GetITStatus)
    i.USART_ITConfig                         0x08001a6c   Section        0  stm32f4xx_usart.o(i.USART_ITConfig)
    i.USART_Init                             0x08001ab8   Section        0  stm32f4xx_usart.o(i.USART_Init)
    i.USART_ReceiveData                      0x08001b8c   Section        0  stm32f4xx_usart.o(i.USART_ReceiveData)
    i.USART_StructInit                       0x08001b96   Section        0  stm32f4xx_usart.o(i.USART_StructInit)
    i.UsageFault_Handler                     0x08001bae   Section        0  stm32f4xx_it.o(i.UsageFault_Handler)
    i.UserTask_Init                          0x08001bb4   Section        0  user_task.o(i.UserTask_Init)
    i.UserTask_Process                       0x08001bd0   Section        0  user_task.o(i.UserTask_Process)
    i.UserTask_Send_Event                    0x08001cc0   Section        0  user_task.o(i.UserTask_Send_Event)
    i._DoInit                                0x08001cd4   Section        0  segger_rtt.o(i._DoInit)
    _DoInit                                  0x08001cd5   Thumb Code    74  segger_rtt.o(i._DoInit)
    i._GetAvailWriteSpace                    0x08001d44   Section        0  segger_rtt.o(i._GetAvailWriteSpace)
    _GetAvailWriteSpace                      0x08001d45   Thumb Code    28  segger_rtt.o(i._GetAvailWriteSpace)
    i._PrintInt                              0x08001d60   Section        0  segger_rtt_printf.o(i._PrintInt)
    _PrintInt                                0x08001d61   Thumb Code   236  segger_rtt_printf.o(i._PrintInt)
    i._PrintUnsigned                         0x08001e4c   Section        0  segger_rtt_printf.o(i._PrintUnsigned)
    _PrintUnsigned                           0x08001e4d   Thumb Code   230  segger_rtt_printf.o(i._PrintUnsigned)
    i._StoreChar                             0x08001f38   Section        0  segger_rtt_printf.o(i._StoreChar)
    _StoreChar                               0x08001f39   Thumb Code    68  segger_rtt_printf.o(i._StoreChar)
    i._WriteBlocking                         0x08001f7c   Section        0  segger_rtt.o(i._WriteBlocking)
    _WriteBlocking                           0x08001f7d   Thumb Code   114  segger_rtt.o(i._WriteBlocking)
    i._WriteNoCheck                          0x08001fee   Section        0  segger_rtt.o(i._WriteNoCheck)
    _WriteNoCheck                            0x08001fef   Thumb Code    76  segger_rtt.o(i._WriteNoCheck)
    i.__get_PRIMASK                          0x0800203a   Section        0  osal_core.o(i.__get_PRIMASK)
    __get_PRIMASK                            0x0800203b   Thumb Code     6  osal_core.o(i.__get_PRIMASK)
    i.__get_PRIMASK                          0x08002040   Section        0  osal_timer.o(i.__get_PRIMASK)
    __get_PRIMASK                            0x08002041   Thumb Code     6  osal_timer.o(i.__get_PRIMASK)
    i.__set_PRIMASK                          0x08002046   Section        0  osal_clock.o(i.__set_PRIMASK)
    __set_PRIMASK                            0x08002047   Thumb Code     6  osal_clock.o(i.__set_PRIMASK)
    i.__set_PRIMASK                          0x0800204c   Section        0  osal_core.o(i.__set_PRIMASK)
    __set_PRIMASK                            0x0800204d   Thumb Code     6  osal_core.o(i.__set_PRIMASK)
    i.__set_PRIMASK                          0x08002052   Section        0  osal_timer.o(i.__set_PRIMASK)
    __set_PRIMASK                            0x08002053   Thumb Code     6  osal_timer.o(i.__set_PRIMASK)
    i.bsp_getusartTx_count                   0x08002058   Section        0  stm32f4xx_bsp_usart.o(i.bsp_getusartTx_count)
    bsp_getusartTx_count                     0x08002059   Thumb Code    12  stm32f4xx_bsp_usart.o(i.bsp_getusartTx_count)
    i.bsp_spi1Rx_func                        0x08002068   Section        0  stm32f4xx_bsp_spi.o(i.bsp_spi1Rx_func)
    bsp_spi1Rx_func                          0x08002069   Thumb Code     2  stm32f4xx_bsp_spi.o(i.bsp_spi1Rx_func)
    i.bsp_usartTx_enqueue                    0x0800206c   Section        0  stm32f4xx_bsp_usart.o(i.bsp_usartTx_enqueue)
    bsp_usartTx_enqueue                      0x0800206d   Thumb Code   152  stm32f4xx_bsp_usart.o(i.bsp_usartTx_enqueue)
    i.bsp_usartTx_getqueuefreespace          0x08002118   Section        0  stm32f4xx_bsp_usart.o(i.bsp_usartTx_getqueuefreespace)
    bsp_usartTx_getqueuefreespace            0x08002119   Thumb Code    24  stm32f4xx_bsp_usart.o(i.bsp_usartTx_getqueuefreespace)
    i.main                                   0x08002134   Section        0  main.o(i.main)
    i.my_mem_init                            0x0800214c   Section        0  malloc.o(i.my_mem_init)
    i.my_mem_perused                         0x08002190   Section        0  malloc.o(i.my_mem_perused)
    i.mymemset                               0x080021d0   Section        0  malloc.o(i.mymemset)
    i.osalRun                                0x080021e4   Section        0  osal_core.o(i.osalRun)
    osalRun                                  0x080021e5   Thumb Code   118  osal_core.o(i.osalRun)
    i.osalTimeUpdate                         0x08002264   Section        0  osal_core.o(i.osalTimeUpdate)
    osalTimeUpdate                           0x08002265   Thumb Code    26  osal_core.o(i.osalTimeUpdate)
    i.osalTimerAdd                           0x08002284   Section        0  osal_timer.o(i.osalTimerAdd)
    i.osalTimerAlloc                         0x08002300   Section        0  osal_timer.o(i.osalTimerAlloc)
    i.osalTimerFind                          0x08002360   Section        0  osal_timer.o(i.osalTimerFind)
    x$fpl$fpinit                             0x080023a0   Section       10  fpinit.o(x$fpl$fpinit)
    $v0                                      0x080023a0   Number         0  fpinit.o(x$fpl$fpinit)
    .constdata                               0x080023ac   Section        8  osal_task.o(.constdata)
    .constdata                               0x080023b4   Section       16  segger_rtt_printf.o(.constdata)
    _aV2C                                    0x080023b4   Data          16  segger_rtt_printf.o(.constdata)
    .constdata                               0x080023c4   Section       36  malloc.o(.constdata)
    .ARM.__AT_0x10000000                     0x10000000   Section    61440  malloc.o(.ARM.__AT_0x10000000)
    .ARM.__AT_0x1000F000                     0x1000f000   Section     3840  malloc.o(.ARM.__AT_0x1000F000)
    .data                                    0x20000000   Section        1  hal_task.o(.data)
    .data                                    0x20000001   Section        1  user_task.o(.data)
    .data                                    0x20000004   Section       32  stm32f4xx_bsp_usart.o(.data)
    STM32F4xxUSART_Instance                  0x20000004   Data          32  stm32f4xx_bsp_usart.o(.data)
    .data                                    0x20000024   Section        4  stm32f4xx_bsp_spi.o(.data)
    bsp_spi_Txbuf                            0x20000024   Data           2  stm32f4xx_bsp_spi.o(.data)
    bsp_spi_Rxbuf                            0x20000026   Data           2  stm32f4xx_bsp_spi.o(.data)
    .data                                    0x20000028   Section       12  osal_clock.o(.data)
    s_osalClock_Seconds                      0x20000028   Data           4  osal_clock.o(.data)
    s_osalClock_MilliSeconds                 0x2000002c   Data           2  osal_clock.o(.data)
    s_osalClock_ElapsedMs                    0x20000030   Data           4  osal_clock.o(.data)
    .data                                    0x20000034   Section        4  osal_core.o(.data)
    prev_ms                                  0x20000034   Data           4  osal_core.o(.data)
    .data                                    0x20000038   Section        8  osal_task.o(.data)
    .data                                    0x20000040   Section        4  osal_timer.o(.data)
    s_osalTimerHead                          0x20000040   Data           4  osal_timer.o(.data)
    .data                                    0x20000044   Section       36  malloc.o(.data)
    .data                                    0x20000068   Section       16  stm32f4xx_rcc.o(.data)
    APBAHBPrescTable                         0x20000068   Data          16  stm32f4xx_rcc.o(.data)
    .bss                                     0x20000078   Section      920  stm32f4xx_bsp_usart.o(.bss)
    USART1_Tx_Buf                            0x20000078   Data          20  stm32f4xx_bsp_usart.o(.bss)
    USART1_Rx_Buf                            0x2000008c   Data         300  stm32f4xx_bsp_usart.o(.bss)
    USART2_Tx_Buf                            0x200001b8   Data         300  stm32f4xx_bsp_usart.o(.bss)
    USART2_Rx_Buf                            0x200002e4   Data         300  stm32f4xx_bsp_usart.o(.bss)
    .bss                                     0x20000410   Section      400  stm32f4xx_bsp_adc.o(.bss)
    bsp_adc_register_buf                     0x20000410   Data         400  stm32f4xx_bsp_adc.o(.bss)
    .bss                                     0x200005a0   Section      240  osal_timer.o(.bss)
    s_osalTimerMemHeap                       0x200005a0   Data         240  osal_timer.o(.bss)
    .bss                                     0x20000690   Section     1208  segger_rtt.o(.bss)
    _acUpBuffer                              0x20000738   Data        1024  segger_rtt.o(.bss)
    _acDownBuffer                            0x20000b38   Data          16  segger_rtt.o(.bss)
    .bss                                     0x20000b60   Section    69632  malloc.o(.bss)
    .bss                                     0x20011b60   Section       96  libspace.o(.bss)
    HEAP                                     0x20011bc0   Section      512  startup_stm32f407xx.o(HEAP)
    Heap_Mem                                 0x20011bc0   Data         512  startup_stm32f407xx.o(HEAP)
    STACK                                    0x20011dc0   Section     1024  startup_stm32f407xx.o(STACK)
    Stack_Mem                                0x20011dc0   Data        1024  startup_stm32f407xx.o(STACK)
    __initial_sp                             0x200121c0   Data           0  startup_stm32f407xx.o(STACK)
    .ARM.__AT_0x68000000                     0x68000000   Section    983040  malloc.o(.ARM.__AT_0x68000000)
    .ARM.__AT_0x680F0000                     0x680f0000   Section    61440  malloc.o(.ARM.__AT_0x680F0000)

    Global Symbols

    Symbol Name                              Value     Ov Type        Size  Object(Section)

    BuildAttributes$$THM_ISAv4$E$P$D$K$B$S$7EM$VFPi3$EXTD16$VFPS$VFMA$PE$A:L22UL41UL21$X:L11$S22US41US21$IEEE1$IW$USESV6$~STKCKD$USESV7$~SHL$OSPACE$ROPI$EBA8$UX$STANDARDLIB$REQ8$PRES8$EABIv2 0x00000000   Number         0  anon$$obj.o ABSOLUTE
    __ARM_use_no_argv                        0x00000000   Number         0  main.o ABSOLUTE
    __ARM_exceptions_init                     - Undefined Weak Reference
    __alloca_initialize                       - Undefined Weak Reference
    __arm_preinit_                            - Undefined Weak Reference
    __cpp_initialize__aeabi_                  - Undefined Weak Reference
    __cxa_finalize                            - Undefined Weak Reference
    __rt_locale                               - Undefined Weak Reference
    __sigvec_lookup                           - Undefined Weak Reference
    _atexit_init                              - Undefined Weak Reference
    _call_atexit_fns                          - Undefined Weak Reference
    _clock_init                               - Undefined Weak Reference
    _fp_trap_init                             - Undefined Weak Reference
    _fp_trap_shutdown                         - Undefined Weak Reference
    _get_lc_collate                           - Undefined Weak Reference
    _get_lc_ctype                             - Undefined Weak Reference
    _get_lc_monetary                          - Undefined Weak Reference
    _get_lc_numeric                           - Undefined Weak Reference
    _get_lc_time                              - Undefined Weak Reference
    _getenv_init                              - Undefined Weak Reference
    _handle_redirection                       - Undefined Weak Reference
    _init_alloc                               - Undefined Weak Reference
    _init_user_alloc                          - Undefined Weak Reference
    _initio                                   - Undefined Weak Reference
    _printf_post_padding                      - Undefined Weak Reference
    _printf_pre_padding                       - Undefined Weak Reference
    _printf_truncate_signed                   - Undefined Weak Reference
    _printf_truncate_unsigned                 - Undefined Weak Reference
    _rand_init                                - Undefined Weak Reference
    _signal_finish                            - Undefined Weak Reference
    _signal_init                              - Undefined Weak Reference
    _terminate_alloc                          - Undefined Weak Reference
    _terminate_user_alloc                     - Undefined Weak Reference
    _terminateio                              - Undefined Weak Reference
    __Vectors_Size                           0x00000188   Number         0  startup_stm32f407xx.o ABSOLUTE
    __Vectors                                0x08000000   Data           4  startup_stm32f407xx.o(RESET)
    __Vectors_End                            0x08000188   Data           0  startup_stm32f407xx.o(RESET)
    __main                                   0x08000189   Thumb Code     8  __main.o(!!!main)
    __scatterload                            0x08000191   Thumb Code     0  __scatter.o(!!!scatter)
    __scatterload_rt2                        0x08000191   Thumb Code    44  __scatter.o(!!!scatter)
    __scatterload_rt2_thumb_only             0x08000191   Thumb Code     0  __scatter.o(!!!scatter)
    __scatterload_null                       0x0800019f   Thumb Code     0  __scatter.o(!!!scatter)
    __scatterload_copy                       0x080001c5   Thumb Code    26  __scatter_copy.o(!!handler_copy)
    __scatterload_zeroinit                   0x080001e1   Thumb Code    28  __scatter_zi.o(!!handler_zi)
    __rt_lib_init                            0x080001fd   Thumb Code     0  libinit.o(.ARM.Collect$$libinit$$00000000)
    __rt_lib_init_fp_1                       0x080001ff   Thumb Code     0  libinit2.o(.ARM.Collect$$libinit$$00000001)
    __rt_lib_init_alloca_1                   0x08000203   Thumb Code     0  libinit2.o(.ARM.Collect$$libinit$$0000002E)
    __rt_lib_init_argv_1                     0x08000203   Thumb Code     0  libinit2.o(.ARM.Collect$$libinit$$0000002C)
    __rt_lib_init_atexit_1                   0x08000203   Thumb Code     0  libinit2.o(.ARM.Collect$$libinit$$0000001B)
    __rt_lib_init_clock_1                    0x08000203   Thumb Code     0  libinit2.o(.ARM.Collect$$libinit$$00000021)
    __rt_lib_init_cpp_1                      0x08000203   Thumb Code     0  libinit2.o(.ARM.Collect$$libinit$$00000032)
    __rt_lib_init_exceptions_1               0x08000203   Thumb Code     0  libinit2.o(.ARM.Collect$$libinit$$00000030)
    __rt_lib_init_fp_trap_1                  0x08000203   Thumb Code     0  libinit2.o(.ARM.Collect$$libinit$$0000001F)
    __rt_lib_init_getenv_1                   0x08000203   Thumb Code     0  libinit2.o(.ARM.Collect$$libinit$$00000023)
    __rt_lib_init_heap_1                     0x08000203   Thumb Code     0  libinit2.o(.ARM.Collect$$libinit$$0000000A)
    __rt_lib_init_lc_collate_1               0x08000203   Thumb Code     0  libinit2.o(.ARM.Collect$$libinit$$00000011)
    __rt_lib_init_lc_ctype_1                 0x08000203   Thumb Code     0  libinit2.o(.ARM.Collect$$libinit$$00000013)
    __rt_lib_init_lc_monetary_1              0x08000203   Thumb Code     0  libinit2.o(.ARM.Collect$$libinit$$00000015)
    __rt_lib_init_lc_numeric_1               0x08000203   Thumb Code     0  libinit2.o(.ARM.Collect$$libinit$$00000017)
    __rt_lib_init_lc_time_1                  0x08000203   Thumb Code     0  libinit2.o(.ARM.Collect$$libinit$$00000019)
    __rt_lib_init_preinit_1                  0x08000203   Thumb Code     0  libinit2.o(.ARM.Collect$$libinit$$00000004)
    __rt_lib_init_rand_1                     0x08000203   Thumb Code     0  libinit2.o(.ARM.Collect$$libinit$$0000000E)
    __rt_lib_init_return                     0x08000203   Thumb Code     0  libinit2.o(.ARM.Collect$$libinit$$00000033)
    __rt_lib_init_signal_1                   0x08000203   Thumb Code     0  libinit2.o(.ARM.Collect$$libinit$$0000001D)
    __rt_lib_init_stdio_1                    0x08000203   Thumb Code     0  libinit2.o(.ARM.Collect$$libinit$$00000025)
    __rt_lib_init_user_alloc_1               0x08000203   Thumb Code     0  libinit2.o(.ARM.Collect$$libinit$$0000000C)
    __rt_lib_shutdown                        0x08000205   Thumb Code     0  libshutdown.o(.ARM.Collect$$libshutdown$$00000000)
    __rt_lib_shutdown_cpp_1                  0x08000207   Thumb Code     0  libshutdown2.o(.ARM.Collect$$libshutdown$$00000002)
    __rt_lib_shutdown_fp_trap_1              0x08000207   Thumb Code     0  libshutdown2.o(.ARM.Collect$$libshutdown$$00000007)
    __rt_lib_shutdown_heap_1                 0x08000207   Thumb Code     0  libshutdown2.o(.ARM.Collect$$libshutdown$$0000000F)
    __rt_lib_shutdown_return                 0x08000207   Thumb Code     0  libshutdown2.o(.ARM.Collect$$libshutdown$$00000010)
    __rt_lib_shutdown_signal_1               0x08000207   Thumb Code     0  libshutdown2.o(.ARM.Collect$$libshutdown$$0000000A)
    __rt_lib_shutdown_stdio_1                0x08000207   Thumb Code     0  libshutdown2.o(.ARM.Collect$$libshutdown$$00000004)
    __rt_lib_shutdown_user_alloc_1           0x08000207   Thumb Code     0  libshutdown2.o(.ARM.Collect$$libshutdown$$0000000C)
    __rt_entry                               0x08000209   Thumb Code     0  __rtentry.o(.ARM.Collect$$rtentry$$00000000)
    __rt_entry_presh_1                       0x08000209   Thumb Code     0  __rtentry2.o(.ARM.Collect$$rtentry$$00000002)
    __rt_entry_sh                            0x08000209   Thumb Code     0  __rtentry4.o(.ARM.Collect$$rtentry$$00000004)
    __rt_entry_li                            0x0800020f   Thumb Code     0  __rtentry2.o(.ARM.Collect$$rtentry$$0000000A)
    __rt_entry_postsh_1                      0x0800020f   Thumb Code     0  __rtentry2.o(.ARM.Collect$$rtentry$$00000009)
    __rt_entry_main                          0x08000213   Thumb Code     0  __rtentry2.o(.ARM.Collect$$rtentry$$0000000D)
    __rt_entry_postli_1                      0x08000213   Thumb Code     0  __rtentry2.o(.ARM.Collect$$rtentry$$0000000C)
    __rt_exit                                0x0800021b   Thumb Code     0  rtexit.o(.ARM.Collect$$rtexit$$00000000)
    __rt_exit_ls                             0x0800021d   Thumb Code     0  rtexit2.o(.ARM.Collect$$rtexit$$00000003)
    __rt_exit_prels_1                        0x0800021d   Thumb Code     0  rtexit2.o(.ARM.Collect$$rtexit$$00000002)
    __rt_exit_exit                           0x08000221   Thumb Code     0  rtexit2.o(.ARM.Collect$$rtexit$$00000004)
    Reset_Handler                            0x08000229   Thumb Code     8  startup_stm32f407xx.o(.text)
    ADC_IRQHandler                           0x08000243   Thumb Code     0  startup_stm32f407xx.o(.text)
    CAN1_RX0_IRQHandler                      0x08000243   Thumb Code     0  startup_stm32f407xx.o(.text)
    CAN1_RX1_IRQHandler                      0x08000243   Thumb Code     0  startup_stm32f407xx.o(.text)
    CAN1_SCE_IRQHandler                      0x08000243   Thumb Code     0  startup_stm32f407xx.o(.text)
    CAN1_TX_IRQHandler                       0x08000243   Thumb Code     0  startup_stm32f407xx.o(.text)
    CAN2_RX0_IRQHandler                      0x08000243   Thumb Code     0  startup_stm32f407xx.o(.text)
    CAN2_RX1_IRQHandler                      0x08000243   Thumb Code     0  startup_stm32f407xx.o(.text)
    CAN2_SCE_IRQHandler                      0x08000243   Thumb Code     0  startup_stm32f407xx.o(.text)
    CAN2_TX_IRQHandler                       0x08000243   Thumb Code     0  startup_stm32f407xx.o(.text)
    DCMI_IRQHandler                          0x08000243   Thumb Code     0  startup_stm32f407xx.o(.text)
    DMA1_Stream0_IRQHandler                  0x08000243   Thumb Code     0  startup_stm32f407xx.o(.text)
    DMA1_Stream1_IRQHandler                  0x08000243   Thumb Code     0  startup_stm32f407xx.o(.text)
    DMA1_Stream2_IRQHandler                  0x08000243   Thumb Code     0  startup_stm32f407xx.o(.text)
    DMA1_Stream3_IRQHandler                  0x08000243   Thumb Code     0  startup_stm32f407xx.o(.text)
    DMA1_Stream4_IRQHandler                  0x08000243   Thumb Code     0  startup_stm32f407xx.o(.text)
    DMA1_Stream5_IRQHandler                  0x08000243   Thumb Code     0  startup_stm32f407xx.o(.text)
    DMA1_Stream6_IRQHandler                  0x08000243   Thumb Code     0  startup_stm32f407xx.o(.text)
    DMA1_Stream7_IRQHandler                  0x08000243   Thumb Code     0  startup_stm32f407xx.o(.text)
    DMA2_Stream1_IRQHandler                  0x08000243   Thumb Code     0  startup_stm32f407xx.o(.text)
    DMA2_Stream3_IRQHandler                  0x08000243   Thumb Code     0  startup_stm32f407xx.o(.text)
    DMA2_Stream4_IRQHandler                  0x08000243   Thumb Code     0  startup_stm32f407xx.o(.text)
    DMA2_Stream6_IRQHandler                  0x08000243   Thumb Code     0  startup_stm32f407xx.o(.text)
    ETH_IRQHandler                           0x08000243   Thumb Code     0  startup_stm32f407xx.o(.text)
    ETH_WKUP_IRQHandler                      0x08000243   Thumb Code     0  startup_stm32f407xx.o(.text)
    EXTI0_IRQHandler                         0x08000243   Thumb Code     0  startup_stm32f407xx.o(.text)
    EXTI15_10_IRQHandler                     0x08000243   Thumb Code     0  startup_stm32f407xx.o(.text)
    EXTI1_IRQHandler                         0x08000243   Thumb Code     0  startup_stm32f407xx.o(.text)
    EXTI2_IRQHandler                         0x08000243   Thumb Code     0  startup_stm32f407xx.o(.text)
    EXTI3_IRQHandler                         0x08000243   Thumb Code     0  startup_stm32f407xx.o(.text)
    EXTI4_IRQHandler                         0x08000243   Thumb Code     0  startup_stm32f407xx.o(.text)
    EXTI9_5_IRQHandler                       0x08000243   Thumb Code     0  startup_stm32f407xx.o(.text)
    FLASH_IRQHandler                         0x08000243   Thumb Code     0  startup_stm32f407xx.o(.text)
    FMC_IRQHandler                           0x08000243   Thumb Code     0  startup_stm32f407xx.o(.text)
    FPU_IRQHandler                           0x08000243   Thumb Code     0  startup_stm32f407xx.o(.text)
    HASH_RNG_IRQHandler                      0x08000243   Thumb Code     0  startup_stm32f407xx.o(.text)
    I2C1_ER_IRQHandler                       0x08000243   Thumb Code     0  startup_stm32f407xx.o(.text)
    I2C1_EV_IRQHandler                       0x08000243   Thumb Code     0  startup_stm32f407xx.o(.text)
    I2C2_ER_IRQHandler                       0x08000243   Thumb Code     0  startup_stm32f407xx.o(.text)
    I2C2_EV_IRQHandler                       0x08000243   Thumb Code     0  startup_stm32f407xx.o(.text)
    I2C3_ER_IRQHandler                       0x08000243   Thumb Code     0  startup_stm32f407xx.o(.text)
    I2C3_EV_IRQHandler                       0x08000243   Thumb Code     0  startup_stm32f407xx.o(.text)
    OTG_FS_IRQHandler                        0x08000243   Thumb Code     0  startup_stm32f407xx.o(.text)
    OTG_FS_WKUP_IRQHandler                   0x08000243   Thumb Code     0  startup_stm32f407xx.o(.text)
    OTG_HS_EP1_IN_IRQHandler                 0x08000243   Thumb Code     0  startup_stm32f407xx.o(.text)
    OTG_HS_EP1_OUT_IRQHandler                0x08000243   Thumb Code     0  startup_stm32f407xx.o(.text)
    OTG_HS_IRQHandler                        0x08000243   Thumb Code     0  startup_stm32f407xx.o(.text)
    OTG_HS_WKUP_IRQHandler                   0x08000243   Thumb Code     0  startup_stm32f407xx.o(.text)
    PVD_IRQHandler                           0x08000243   Thumb Code     0  startup_stm32f407xx.o(.text)
    RCC_IRQHandler                           0x08000243   Thumb Code     0  startup_stm32f407xx.o(.text)
    RTC_Alarm_IRQHandler                     0x08000243   Thumb Code     0  startup_stm32f407xx.o(.text)
    RTC_WKUP_IRQHandler                      0x08000243   Thumb Code     0  startup_stm32f407xx.o(.text)
    SDIO_IRQHandler                          0x08000243   Thumb Code     0  startup_stm32f407xx.o(.text)
    SPI1_IRQHandler                          0x08000243   Thumb Code     0  startup_stm32f407xx.o(.text)
    SPI2_IRQHandler                          0x08000243   Thumb Code     0  startup_stm32f407xx.o(.text)
    SPI3_IRQHandler                          0x08000243   Thumb Code     0  startup_stm32f407xx.o(.text)
    TAMP_STAMP_IRQHandler                    0x08000243   Thumb Code     0  startup_stm32f407xx.o(.text)
    TIM1_BRK_TIM9_IRQHandler                 0x08000243   Thumb Code     0  startup_stm32f407xx.o(.text)
    TIM1_CC_IRQHandler                       0x08000243   Thumb Code     0  startup_stm32f407xx.o(.text)
    TIM1_TRG_COM_TIM11_IRQHandler            0x08000243   Thumb Code     0  startup_stm32f407xx.o(.text)
    TIM1_UP_TIM10_IRQHandler                 0x08000243   Thumb Code     0  startup_stm32f407xx.o(.text)
    TIM2_IRQHandler                          0x08000243   Thumb Code     0  startup_stm32f407xx.o(.text)
    TIM3_IRQHandler                          0x08000243   Thumb Code     0  startup_stm32f407xx.o(.text)
    TIM4_IRQHandler                          0x08000243   Thumb Code     0  startup_stm32f407xx.o(.text)
    TIM5_IRQHandler                          0x08000243   Thumb Code     0  startup_stm32f407xx.o(.text)
    TIM6_DAC_IRQHandler                      0x08000243   Thumb Code     0  startup_stm32f407xx.o(.text)
    TIM7_IRQHandler                          0x08000243   Thumb Code     0  startup_stm32f407xx.o(.text)
    TIM8_BRK_TIM12_IRQHandler                0x08000243   Thumb Code     0  startup_stm32f407xx.o(.text)
    TIM8_CC_IRQHandler                       0x08000243   Thumb Code     0  startup_stm32f407xx.o(.text)
    TIM8_TRG_COM_TIM14_IRQHandler            0x08000243   Thumb Code     0  startup_stm32f407xx.o(.text)
    TIM8_UP_TIM13_IRQHandler                 0x08000243   Thumb Code     0  startup_stm32f407xx.o(.text)
    UART4_IRQHandler                         0x08000243   Thumb Code     0  startup_stm32f407xx.o(.text)
    UART5_IRQHandler                         0x08000243   Thumb Code     0  startup_stm32f407xx.o(.text)
    USART2_IRQHandler                        0x08000243   Thumb Code     0  startup_stm32f407xx.o(.text)
    USART3_IRQHandler                        0x08000243   Thumb Code     0  startup_stm32f407xx.o(.text)
    USART6_IRQHandler                        0x08000243   Thumb Code     0  startup_stm32f407xx.o(.text)
    WWDG_IRQHandler                          0x08000243   Thumb Code     0  startup_stm32f407xx.o(.text)
    __user_initial_stackheap                 0x08000245   Thumb Code     0  startup_stm32f407xx.o(.text)
    strcpy                                   0x08000269   Thumb Code    72  strcpy.o(.text)
    __aeabi_memcpy                           0x080002b1   Thumb Code     0  rt_memcpy_v6.o(.text)
    __rt_memcpy                              0x080002b1   Thumb Code   138  rt_memcpy_v6.o(.text)
    _memcpy_lastbytes                        0x08000317   Thumb Code     0  rt_memcpy_v6.o(.text)
    __aeabi_memclr4                          0x0800033b   Thumb Code     0  rt_memclr_w.o(.text)
    __aeabi_memclr8                          0x0800033b   Thumb Code     0  rt_memclr_w.o(.text)
    __rt_memclr_w                            0x0800033b   Thumb Code    78  rt_memclr_w.o(.text)
    _memset_w                                0x0800033f   Thumb Code     0  rt_memclr_w.o(.text)
    __use_two_region_memory                  0x08000389   Thumb Code     2  heapauxi.o(.text)
    __rt_heap_escrow$2region                 0x0800038b   Thumb Code     2  heapauxi.o(.text)
    __rt_heap_expand$2region                 0x0800038d   Thumb Code     2  heapauxi.o(.text)
    __aeabi_memcpy4                          0x0800038f   Thumb Code     0  rt_memcpy_w.o(.text)
    __aeabi_memcpy8                          0x0800038f   Thumb Code     0  rt_memcpy_w.o(.text)
    __rt_memcpy_w                            0x0800038f   Thumb Code   100  rt_memcpy_w.o(.text)
    _memcpy_lastbytes_aligned                0x080003d7   Thumb Code     0  rt_memcpy_w.o(.text)
    __user_setup_stackheap                   0x080003f3   Thumb Code    74  sys_stackheap_outer.o(.text)
    exit                                     0x0800043d   Thumb Code    18  exit.o(.text)
    __user_libspace                          0x08000451   Thumb Code     8  libspace.o(.text)
    __user_perproc_libspace                  0x08000451   Thumb Code     0  libspace.o(.text)
    __user_perthread_libspace                0x08000451   Thumb Code     0  libspace.o(.text)
    _sys_exit                                0x08000459   Thumb Code     8  sys_exit.o(.text)
    __I$use$semihosting                      0x08000465   Thumb Code     0  use_no_semi.o(.text)
    __use_no_semihosting_swi                 0x08000465   Thumb Code     2  use_no_semi.o(.text)
    ADC_Cmd                                  0x08000467   Thumb Code    22  stm32f4xx_adc.o(i.ADC_Cmd)
    __semihosting_library_function           0x08000467   Thumb Code     0  indicate_semi.o(.text)
    ADC_CommonInit                           0x0800047d   Thumb Code    34  stm32f4xx_adc.o(i.ADC_CommonInit)
    ADC_CommonStructInit                     0x080004ad   Thumb Code    12  stm32f4xx_adc.o(i.ADC_CommonStructInit)
    ADC_ContinuousModeCmd                    0x080004b9   Thumb Code    22  stm32f4xx_adc.o(i.ADC_ContinuousModeCmd)
    ADC_DMACmd                               0x080004cf   Thumb Code    22  stm32f4xx_adc.o(i.ADC_DMACmd)
    ADC_DMARequestAfterLastTransferCmd       0x080004e5   Thumb Code    22  stm32f4xx_adc.o(i.ADC_DMARequestAfterLastTransferCmd)
    ADC_Init                                 0x080004fd   Thumb Code    74  stm32f4xx_adc.o(i.ADC_Init)
    ADC_RegularChannelConfig                 0x08000551   Thumb Code   184  stm32f4xx_adc.o(i.ADC_RegularChannelConfig)
    ADC_SoftwareStartConv                    0x08000609   Thumb Code    10  stm32f4xx_adc.o(i.ADC_SoftwareStartConv)
    ADC_StructInit                           0x08000613   Thumb Code    20  stm32f4xx_adc.o(i.ADC_StructInit)
    BSP_ADC1_DMA_IRQHandler                  0x08000629   Thumb Code    24  stm32f4xx_bsp_adc.o(i.BSP_ADC1_DMA_IRQHandler)
    BSP_ADC_Open                             0x08000649   Thumb Code   368  stm32f4xx_bsp_adc.o(i.BSP_ADC_Open)
    BSP_Init                                 0x080007c9   Thumb Code    56  bsp_init.o(i.BSP_Init)
    BSP_SPI1_DMA_IRQHandler                  0x08000829   Thumb Code    32  stm32f4xx_bsp_spi.o(i.BSP_SPI1_DMA_IRQHandler)
    BSP_SPI_Open                             0x08000855   Thumb Code   414  stm32f4xx_bsp_spi.o(i.BSP_SPI_Open)
    BSP_Systick_Init                         0x08000a0d   Thumb Code    86  stm32f4xx_bsp_systick.o(i.BSP_Systick_Init)
    BSP_USART1_TxDMA_IRQHandler              0x08000a6d   Thumb Code   190  stm32f4xx_bsp_usart.o(i.BSP_USART1_TxDMA_IRQHandler)
    BSP_USART_IRQHandler                     0x08000b39   Thumb Code   110  stm32f4xx_bsp_usart.o(i.BSP_USART_IRQHandler)
    BSP_USART_Open                           0x08000bb5   Thumb Code   426  stm32f4xx_bsp_usart.o(i.BSP_USART_Open)
    BSP_USART_WriteBytes_DMA                 0x08000d75   Thumb Code   144  stm32f4xx_bsp_usart.o(i.BSP_USART_WriteBytes_DMA)
    Board_Init                               0x08000e21   Thumb Code    16  bsp_init.o(i.Board_Init)
    BusFault_Handler                         0x08000e3d   Thumb Code     4  stm32f4xx_it.o(i.BusFault_Handler)
    DMA2_Stream0_IRQHandler                  0x08000e41   Thumb Code    16  stm32f4xx_it.o(i.DMA2_Stream0_IRQHandler)
    DMA2_Stream2_IRQHandler                  0x08000e75   Thumb Code    16  stm32f4xx_it.o(i.DMA2_Stream2_IRQHandler)
    DMA2_Stream5_IRQHandler                  0x08000ea9   Thumb Code    12  stm32f4xx_it.o(i.DMA2_Stream5_IRQHandler)
    DMA2_Stream7_IRQHandler                  0x08000ed9   Thumb Code     8  stm32f4xx_it.o(i.DMA2_Stream7_IRQHandler)
    DMA_ClearITPendingBit                    0x08000ee1   Thumb Code    38  stm32f4xx_dma.o(i.DMA_ClearITPendingBit)
    DMA_Cmd                                  0x08000f15   Thumb Code    22  stm32f4xx_dma.o(i.DMA_Cmd)
    DMA_GetCurrDataCounter                   0x08000f2b   Thumb Code     8  stm32f4xx_dma.o(i.DMA_GetCurrDataCounter)
    DMA_GetITStatus                          0x08000f35   Thumb Code    82  stm32f4xx_dma.o(i.DMA_GetITStatus)
    DMA_ITConfig                             0x08000f99   Thumb Code    58  stm32f4xx_dma.o(i.DMA_ITConfig)
    DMA_Init                                 0x08000fd5   Thumb Code    82  stm32f4xx_dma.o(i.DMA_Init)
    DMA_StructInit                           0x0800102d   Thumb Code    34  stm32f4xx_dma.o(i.DMA_StructInit)
    DebugMon_Handler                         0x0800104f   Thumb Code     2  stm32f4xx_it.o(i.DebugMon_Handler)
    GPIO_Init                                0x08001051   Thumb Code   144  stm32f4xx_gpio.o(i.GPIO_Init)
    GPIO_PinAFConfig                         0x080010e1   Thumb Code    70  stm32f4xx_gpio.o(i.GPIO_PinAFConfig)
    GPIO_StructInit                          0x08001127   Thumb Code    18  stm32f4xx_gpio.o(i.GPIO_StructInit)
    HalTask_Init                             0x08001139   Thumb Code     6  hal_task.o(i.HalTask_Init)
    HalTask_Process                          0x08001145   Thumb Code     6  hal_task.o(i.HalTask_Process)
    HardFault_Handler                        0x0800114d   Thumb Code    12  stm32f4xx_it.o(i.HardFault_Handler)
    MemManage_Handler                        0x08001169   Thumb Code     4  stm32f4xx_it.o(i.MemManage_Handler)
    NMI_Handler                              0x0800116d   Thumb Code     2  stm32f4xx_it.o(i.NMI_Handler)
    NVIC_Init                                0x08001171   Thumb Code   106  misc.o(i.NVIC_Init)
    OS_Clock_GetSeconds                      0x080011e9   Thumb Code    16  osal_clock.o(i.OS_Clock_GetSeconds)
    OS_Clock_GetSystemClock                  0x080011fd   Thumb Code    16  osal_clock.o(i.OS_Clock_GetSystemClock)
    OS_Clock_Update                          0x08001211   Thumb Code    98  osal_clock.o(i.OS_Clock_Update)
    OS_Events_Set                            0x08001281   Thumb Code    46  osal_core.o(i.OS_Events_Set)
    OS_Init                                  0x080012b5   Thumb Code    16  osal_core.o(i.OS_Init)
    OS_Msg_Init                              0x080012c5   Thumb Code     2  osal_msg.o(i.OS_Msg_Init)
    OS_Start                                 0x080012c7   Thumb Code     8  osal_core.o(i.OS_Start)
    OS_Task_Init                             0x080012cf   Thumb Code    22  osal_task.o(i.OS_Task_Init)
    OS_Timer_Init                            0x080012e5   Thumb Code    28  osal_timer.o(i.OS_Timer_Init)
    OS_Timer_Start                           0x08001305   Thumb Code    34  osal_timer.o(i.OS_Timer_Start)
    OS_Timer_Update                          0x08001329   Thumb Code    94  osal_timer.o(i.OS_Timer_Update)
    PendSV_Handler                           0x0800138d   Thumb Code     2  stm32f4xx_it.o(i.PendSV_Handler)
    RCC_AHB1PeriphClockCmd                   0x08001391   Thumb Code    26  stm32f4xx_rcc.o(i.RCC_AHB1PeriphClockCmd)
    RCC_APB2PeriphClockCmd                   0x080013b1   Thumb Code    26  stm32f4xx_rcc.o(i.RCC_APB2PeriphClockCmd)
    RCC_GetClocksFreq                        0x080013d1   Thumb Code   214  stm32f4xx_rcc.o(i.RCC_GetClocksFreq)
    SEGGER_RTT_Write                         0x080014b9   Thumb Code    68  segger_rtt.o(i.SEGGER_RTT_Write)
    SEGGER_RTT_WriteNoLock                   0x08001501   Thumb Code   126  segger_rtt.o(i.SEGGER_RTT_WriteNoLock)
    SEGGER_RTT_printf                        0x08001585   Thumb Code    34  segger_rtt_printf.o(i.SEGGER_RTT_printf)
    SEGGER_RTT_vprintf                       0x080015a7   Thumb Code   522  segger_rtt_printf.o(i.SEGGER_RTT_vprintf)
    SPI_Cmd                                  0x080017b1   Thumb Code    24  stm32f4xx_spi.o(i.SPI_Cmd)
    SPI_I2S_DMACmd                           0x080017c9   Thumb Code    18  stm32f4xx_spi.o(i.SPI_I2S_DMACmd)
    SPI_Init                                 0x080017db   Thumb Code    60  stm32f4xx_spi.o(i.SPI_Init)
    SPI_StructInit                           0x08001817   Thumb Code    24  stm32f4xx_spi.o(i.SPI_StructInit)
    SVC_Handler                              0x0800182f   Thumb Code     2  stm32f4xx_it.o(i.SVC_Handler)
    SysTick_Handler                          0x0800191d   Thumb Code    16  stm32f4xx_it.o(i.SysTick_Handler)
    SystemInit                               0x0800192d   Thumb Code    88  system_stm32f4xx.o(i.SystemInit)
    System_Load                              0x08001995   Thumb Code     8  system_init.o(i.System_Load)
    USART1_IRQHandler                        0x0800199d   Thumb Code    18  stm32f4xx_it.o(i.USART1_IRQHandler)
    USART_ClearITPendingBit                  0x080019d1   Thumb Code    30  stm32f4xx_usart.o(i.USART_ClearITPendingBit)
    USART_Cmd                                0x080019ef   Thumb Code    24  stm32f4xx_usart.o(i.USART_Cmd)
    USART_DMACmd                             0x08001a07   Thumb Code    18  stm32f4xx_usart.o(i.USART_DMACmd)
    USART_GetITStatus                        0x08001a19   Thumb Code    84  stm32f4xx_usart.o(i.USART_GetITStatus)
    USART_ITConfig                           0x08001a6d   Thumb Code    74  stm32f4xx_usart.o(i.USART_ITConfig)
    USART_Init                               0x08001ab9   Thumb Code   204  stm32f4xx_usart.o(i.USART_Init)
    USART_ReceiveData                        0x08001b8d   Thumb Code    10  stm32f4xx_usart.o(i.USART_ReceiveData)
    USART_StructInit                         0x08001b97   Thumb Code    24  stm32f4xx_usart.o(i.USART_StructInit)
    UsageFault_Handler                       0x08001baf   Thumb Code     4  stm32f4xx_it.o(i.UsageFault_Handler)
    UserTask_Init                            0x08001bb5   Thumb Code    22  user_task.o(i.UserTask_Init)
    UserTask_Process                         0x08001bd1   Thumb Code   136  user_task.o(i.UserTask_Process)
    UserTask_Send_Event                      0x08001cc1   Thumb Code    16  user_task.o(i.UserTask_Send_Event)
    main                                     0x08002135   Thumb Code    24  main.o(i.main)
    my_mem_init                              0x0800214d   Thumb Code    54  malloc.o(i.my_mem_init)
    my_mem_perused                           0x08002191   Thumb Code    54  malloc.o(i.my_mem_perused)
    mymemset                                 0x080021d1   Thumb Code    20  malloc.o(i.mymemset)
    osalTimerAdd                             0x08002285   Thumb Code   120  osal_timer.o(i.osalTimerAdd)
    osalTimerAlloc                           0x08002301   Thumb Code    92  osal_timer.o(i.osalTimerAlloc)
    osalTimerFind                            0x08002361   Thumb Code    60  osal_timer.o(i.osalTimerFind)
    _fp_init                                 0x080023a1   Thumb Code    10  fpinit.o(x$fpl$fpinit)
    __fplib_config_fpu_vfp                   0x080023a9   Thumb Code     0  fpinit.o(x$fpl$fpinit)
    __fplib_config_pureend_doubles           0x080023a9   Thumb Code     0  fpinit.o(x$fpl$fpinit)
    g_TasksFnArr                             0x080023ac   Data           8  osal_task.o(.constdata)
    memtblsize                               0x080023c4   Data          12  malloc.o(.constdata)
    memblksize                               0x080023d0   Data          12  malloc.o(.constdata)
    memsize                                  0x080023dc   Data          12  malloc.o(.constdata)
    Region$$Table$$Base                      0x080023e8   Number         0  anon$$obj.o(Region$$Table)
    Region$$Table$$Limit                     0x08002408   Number         0  anon$$obj.o(Region$$Table)
    mem3base                                 0x10000000   Data       61440  malloc.o(.ARM.__AT_0x10000000)
    mem3mapbase                              0x1000f000   Data        3840  malloc.o(.ARM.__AT_0x1000F000)
    g_HalTask_Id                             0x20000000   Data           1  hal_task.o(.data)
    g_UserTask_Id                            0x20000001   Data           1  user_task.o(.data)
    g_TasksEvents                            0x20000038   Data           8  osal_task.o(.data)
    mallco_dev                               0x20000044   Data          36  malloc.o(.data)
    _SEGGER_RTT                              0x20000690   Data         168  segger_rtt.o(.bss)
    mem1base                                 0x20000b60   Data       65536  malloc.o(.bss)
    mem1mapbase                              0x20010b60   Data        4096  malloc.o(.bss)
    __libspace_start                         0x20011b60   Data          96  libspace.o(.bss)
    __temporary_stack_top$libspace           0x20011bc0   Data           0  libspace.o(.bss)
    mem2base                                 0x68000000   Data       983040  malloc.o(.ARM.__AT_0x68000000)
    mem2mapbase                              0x680f0000   Data       61440  malloc.o(.ARM.__AT_0x680F0000)



==============================================================================

Memory Map of the image

  Image Entry point : 0x08000189

  Load Region LR_IROM1 (Base: 0x08000000, Size: 0x00002480, Max: 0x00100000, ABSOLUTE)

    Execution Region ER_IROM1 (Exec base: 0x08000000, Load base: 0x08000000, Size: 0x00002408, Max: 0x00100000, ABSOLUTE)

    Exec Addr    Load Addr    Size         Type   Attr      Idx    E Section Name        Object

    0x08000000   0x08000000   0x00000188   Data   RO         6110    RESET               startup_stm32f407xx.o
    0x08000188   0x08000188   0x00000008   Code   RO         6341  * !!!main             c_w.l(__main.o)
    0x08000190   0x08000190   0x00000034   Code   RO         6509    !!!scatter          c_w.l(__scatter.o)
    0x080001c4   0x080001c4   0x0000001a   Code   RO         6511    !!handler_copy      c_w.l(__scatter_copy.o)
    0x080001de   0x080001de   0x00000002   PAD
    0x080001e0   0x080001e0   0x0000001c   Code   RO         6513    !!handler_zi        c_w.l(__scatter_zi.o)
    0x080001fc   0x080001fc   0x00000002   Code   RO         6379    .ARM.Collect$$libinit$$00000000  c_w.l(libinit.o)
    0x080001fe   0x080001fe   0x00000004   Code   RO         6385    .ARM.Collect$$libinit$$00000001  c_w.l(libinit2.o)
    0x08000202   0x08000202   0x00000000   Code   RO         6388    .ARM.Collect$$libinit$$00000004  c_w.l(libinit2.o)
    0x08000202   0x08000202   0x00000000   Code   RO         6391    .ARM.Collect$$libinit$$0000000A  c_w.l(libinit2.o)
    0x08000202   0x08000202   0x00000000   Code   RO         6393    .ARM.Collect$$libinit$$0000000C  c_w.l(libinit2.o)
    0x08000202   0x08000202   0x00000000   Code   RO         6395    .ARM.Collect$$libinit$$0000000E  c_w.l(libinit2.o)
    0x08000202   0x08000202   0x00000000   Code   RO         6398    .ARM.Collect$$libinit$$00000011  c_w.l(libinit2.o)
    0x08000202   0x08000202   0x00000000   Code   RO         6400    .ARM.Collect$$libinit$$00000013  c_w.l(libinit2.o)
    0x08000202   0x08000202   0x00000000   Code   RO         6402    .ARM.Collect$$libinit$$00000015  c_w.l(libinit2.o)
    0x08000202   0x08000202   0x00000000   Code   RO         6404    .ARM.Collect$$libinit$$00000017  c_w.l(libinit2.o)
    0x08000202   0x08000202   0x00000000   Code   RO         6406    .ARM.Collect$$libinit$$00000019  c_w.l(libinit2.o)
    0x08000202   0x08000202   0x00000000   Code   RO         6408    .ARM.Collect$$libinit$$0000001B  c_w.l(libinit2.o)
    0x08000202   0x08000202   0x00000000   Code   RO         6410    .ARM.Collect$$libinit$$0000001D  c_w.l(libinit2.o)
    0x08000202   0x08000202   0x00000000   Code   RO         6412    .ARM.Collect$$libinit$$0000001F  c_w.l(libinit2.o)
    0x08000202   0x08000202   0x00000000   Code   RO         6414    .ARM.Collect$$libinit$$00000021  c_w.l(libinit2.o)
    0x08000202   0x08000202   0x00000000   Code   RO         6416    .ARM.Collect$$libinit$$00000023  c_w.l(libinit2.o)
    0x08000202   0x08000202   0x00000000   Code   RO         6418    .ARM.Collect$$libinit$$00000025  c_w.l(libinit2.o)
    0x08000202   0x08000202   0x00000000   Code   RO         6422    .ARM.Collect$$libinit$$0000002C  c_w.l(libinit2.o)
    0x08000202   0x08000202   0x00000000   Code   RO         6424    .ARM.Collect$$libinit$$0000002E  c_w.l(libinit2.o)
    0x08000202   0x08000202   0x00000000   Code   RO         6426    .ARM.Collect$$libinit$$00000030  c_w.l(libinit2.o)
    0x08000202   0x08000202   0x00000000   Code   RO         6428    .ARM.Collect$$libinit$$00000032  c_w.l(libinit2.o)
    0x08000202   0x08000202   0x00000002   Code   RO         6429    .ARM.Collect$$libinit$$00000033  c_w.l(libinit2.o)
    0x08000204   0x08000204   0x00000002   Code   RO         6449    .ARM.Collect$$libshutdown$$00000000  c_w.l(libshutdown.o)
    0x08000206   0x08000206   0x00000000   Code   RO         6462    .ARM.Collect$$libshutdown$$00000002  c_w.l(libshutdown2.o)
    0x08000206   0x08000206   0x00000000   Code   RO         6464    .ARM.Collect$$libshutdown$$00000004  c_w.l(libshutdown2.o)
    0x08000206   0x08000206   0x00000000   Code   RO         6467    .ARM.Collect$$libshutdown$$00000007  c_w.l(libshutdown2.o)
    0x08000206   0x08000206   0x00000000   Code   RO         6470    .ARM.Collect$$libshutdown$$0000000A  c_w.l(libshutdown2.o)
    0x08000206   0x08000206   0x00000000   Code   RO         6472    .ARM.Collect$$libshutdown$$0000000C  c_w.l(libshutdown2.o)
    0x08000206   0x08000206   0x00000000   Code   RO         6475    .ARM.Collect$$libshutdown$$0000000F  c_w.l(libshutdown2.o)
    0x08000206   0x08000206   0x00000002   Code   RO         6476    .ARM.Collect$$libshutdown$$00000010  c_w.l(libshutdown2.o)
    0x08000208   0x08000208   0x00000000   Code   RO         6343    .ARM.Collect$$rtentry$$00000000  c_w.l(__rtentry.o)
    0x08000208   0x08000208   0x00000000   Code   RO         6354    .ARM.Collect$$rtentry$$00000002  c_w.l(__rtentry2.o)
    0x08000208   0x08000208   0x00000006   Code   RO         6366    .ARM.Collect$$rtentry$$00000004  c_w.l(__rtentry4.o)
    0x0800020e   0x0800020e   0x00000000   Code   RO         6356    .ARM.Collect$$rtentry$$00000009  c_w.l(__rtentry2.o)
    0x0800020e   0x0800020e   0x00000004   Code   RO         6357    .ARM.Collect$$rtentry$$0000000A  c_w.l(__rtentry2.o)
    0x08000212   0x08000212   0x00000000   Code   RO         6359    .ARM.Collect$$rtentry$$0000000C  c_w.l(__rtentry2.o)
    0x08000212   0x08000212   0x00000008   Code   RO         6360    .ARM.Collect$$rtentry$$0000000D  c_w.l(__rtentry2.o)
    0x0800021a   0x0800021a   0x00000002   Code   RO         6383    .ARM.Collect$$rtexit$$00000000  c_w.l(rtexit.o)
    0x0800021c   0x0800021c   0x00000000   Code   RO         6431    .ARM.Collect$$rtexit$$00000002  c_w.l(rtexit2.o)
    0x0800021c   0x0800021c   0x00000004   Code   RO         6432    .ARM.Collect$$rtexit$$00000003  c_w.l(rtexit2.o)
    0x08000220   0x08000220   0x00000006   Code   RO         6433    .ARM.Collect$$rtexit$$00000004  c_w.l(rtexit2.o)
    0x08000226   0x08000226   0x00000002   PAD
    0x08000228   0x08000228   0x00000040   Code   RO         6111    .text               startup_stm32f407xx.o
    0x08000268   0x08000268   0x00000048   Code   RO         6331    .text               c_w.l(strcpy.o)
    0x080002b0   0x080002b0   0x0000008a   Code   RO         6335    .text               c_w.l(rt_memcpy_v6.o)
    0x0800033a   0x0800033a   0x0000004e   Code   RO         6337    .text               c_w.l(rt_memclr_w.o)
    0x08000388   0x08000388   0x00000006   Code   RO         6339    .text               c_w.l(heapauxi.o)
    0x0800038e   0x0800038e   0x00000064   Code   RO         6351    .text               c_w.l(rt_memcpy_w.o)
    0x080003f2   0x080003f2   0x0000004a   Code   RO         6370    .text               c_w.l(sys_stackheap_outer.o)
    0x0800043c   0x0800043c   0x00000012   Code   RO         6372    .text               c_w.l(exit.o)
    0x0800044e   0x0800044e   0x00000002   PAD
    0x08000450   0x08000450   0x00000008   Code   RO         6380    .text               c_w.l(libspace.o)
    0x08000458   0x08000458   0x0000000c   Code   RO         6441    .text               c_w.l(sys_exit.o)
    0x08000464   0x08000464   0x00000002   Code   RO         6452    .text               c_w.l(use_no_semi.o)
    0x08000466   0x08000466   0x00000000   Code   RO         6454    .text               c_w.l(indicate_semi.o)
    0x08000466   0x08000466   0x00000016   Code   RO         1514    i.ADC_Cmd           stm32f4xx_adc.o
    0x0800047c   0x0800047c   0x00000030   Code   RO         1515    i.ADC_CommonInit    stm32f4xx_adc.o
    0x080004ac   0x080004ac   0x0000000c   Code   RO         1516    i.ADC_CommonStructInit  stm32f4xx_adc.o
    0x080004b8   0x080004b8   0x00000016   Code   RO         1517    i.ADC_ContinuousModeCmd  stm32f4xx_adc.o
    0x080004ce   0x080004ce   0x00000016   Code   RO         1518    i.ADC_DMACmd        stm32f4xx_adc.o
    0x080004e4   0x080004e4   0x00000016   Code   RO         1519    i.ADC_DMARequestAfterLastTransferCmd  stm32f4xx_adc.o
    0x080004fa   0x080004fa   0x00000002   PAD
    0x080004fc   0x080004fc   0x00000054   Code   RO         1534    i.ADC_Init          stm32f4xx_adc.o
    0x08000550   0x08000550   0x000000b8   Code   RO         1539    i.ADC_RegularChannelConfig  stm32f4xx_adc.o
    0x08000608   0x08000608   0x0000000a   Code   RO         1541    i.ADC_SoftwareStartConv  stm32f4xx_adc.o
    0x08000612   0x08000612   0x00000014   Code   RO         1543    i.ADC_StructInit    stm32f4xx_adc.o
    0x08000626   0x08000626   0x00000002   PAD
    0x08000628   0x08000628   0x00000020   Code   RO          443    i.BSP_ADC1_DMA_IRQHandler  stm32f4xx_bsp_adc.o
    0x08000648   0x08000648   0x00000180   Code   RO          447    i.BSP_ADC_Open      stm32f4xx_bsp_adc.o
    0x080007c8   0x080007c8   0x00000060   Code   RO          275    i.BSP_Init          bsp_init.o
    0x08000828   0x08000828   0x0000002c   Code   RO          510    i.BSP_SPI1_DMA_IRQHandler  stm32f4xx_bsp_spi.o
    0x08000854   0x08000854   0x000001b8   Code   RO          513    i.BSP_SPI_Open      stm32f4xx_bsp_spi.o
    0x08000a0c   0x08000a0c   0x00000060   Code   RO          316    i.BSP_Systick_Init  stm32f4xx_bsp_systick.o
    0x08000a6c   0x08000a6c   0x000000cc   Code   RO          353    i.BSP_USART1_TxDMA_IRQHandler  stm32f4xx_bsp_usart.o
    0x08000b38   0x08000b38   0x0000007c   Code   RO          355    i.BSP_USART_IRQHandler  stm32f4xx_bsp_usart.o
    0x08000bb4   0x08000bb4   0x000001c0   Code   RO          356    i.BSP_USART_Open    stm32f4xx_bsp_usart.o
    0x08000d74   0x08000d74   0x000000ac   Code   RO          360    i.BSP_USART_WriteBytes_DMA  stm32f4xx_bsp_usart.o
    0x08000e20   0x08000e20   0x0000001c   Code   RO          276    i.Board_Init        bsp_init.o
    0x08000e3c   0x08000e3c   0x00000004   Code   RO         6154    i.BusFault_Handler  stm32f4xx_it.o
    0x08000e40   0x08000e40   0x00000034   Code   RO         6155    i.DMA2_Stream0_IRQHandler  stm32f4xx_it.o
    0x08000e74   0x08000e74   0x00000034   Code   RO         6156    i.DMA2_Stream2_IRQHandler  stm32f4xx_it.o
    0x08000ea8   0x08000ea8   0x00000030   Code   RO         6157    i.DMA2_Stream5_IRQHandler  stm32f4xx_it.o
    0x08000ed8   0x08000ed8   0x00000008   Code   RO         6158    i.DMA2_Stream7_IRQHandler  stm32f4xx_it.o
    0x08000ee0   0x08000ee0   0x00000034   Code   RO         2294    i.DMA_ClearITPendingBit  stm32f4xx_dma.o
    0x08000f14   0x08000f14   0x00000016   Code   RO         2295    i.DMA_Cmd           stm32f4xx_dma.o
    0x08000f2a   0x08000f2a   0x00000008   Code   RO         2301    i.DMA_GetCurrDataCounter  stm32f4xx_dma.o
    0x08000f32   0x08000f32   0x00000002   PAD
    0x08000f34   0x08000f34   0x00000064   Code   RO         2305    i.DMA_GetITStatus   stm32f4xx_dma.o
    0x08000f98   0x08000f98   0x0000003a   Code   RO         2306    i.DMA_ITConfig      stm32f4xx_dma.o
    0x08000fd2   0x08000fd2   0x00000002   PAD
    0x08000fd4   0x08000fd4   0x00000058   Code   RO         2307    i.DMA_Init          stm32f4xx_dma.o
    0x0800102c   0x0800102c   0x00000022   Code   RO         2311    i.DMA_StructInit    stm32f4xx_dma.o
    0x0800104e   0x0800104e   0x00000002   Code   RO         6159    i.DebugMon_Handler  stm32f4xx_it.o
    0x08001050   0x08001050   0x00000090   Code   RO         3041    i.GPIO_Init         stm32f4xx_gpio.o
    0x080010e0   0x080010e0   0x00000046   Code   RO         3042    i.GPIO_PinAFConfig  stm32f4xx_gpio.o
    0x08001126   0x08001126   0x00000012   Code   RO         3050    i.GPIO_StructInit   stm32f4xx_gpio.o
    0x08001138   0x08001138   0x0000000c   Code   RO            4    i.HalTask_Init      hal_task.o
    0x08001144   0x08001144   0x00000006   Code   RO            5    i.HalTask_Process   hal_task.o
    0x0800114a   0x0800114a   0x00000002   PAD
    0x0800114c   0x0800114c   0x0000001c   Code   RO         6160    i.HardFault_Handler  stm32f4xx_it.o
    0x08001168   0x08001168   0x00000004   Code   RO         6161    i.MemManage_Handler  stm32f4xx_it.o
    0x0800116c   0x0800116c   0x00000002   Code   RO         6162    i.NMI_Handler       stm32f4xx_it.o
    0x0800116e   0x0800116e   0x00000002   PAD
    0x08001170   0x08001170   0x00000078   Code   RO         1460    i.NVIC_Init         misc.o
    0x080011e8   0x080011e8   0x00000014   Code   RO          773    i.OS_Clock_GetSeconds  osal_clock.o
    0x080011fc   0x080011fc   0x00000014   Code   RO          774    i.OS_Clock_GetSystemClock  osal_clock.o
    0x08001210   0x08001210   0x00000070   Code   RO          776    i.OS_Clock_Update   osal_clock.o
    0x08001280   0x08001280   0x00000034   Code   RO          841    i.OS_Events_Set     osal_core.o
    0x080012b4   0x080012b4   0x00000010   Code   RO          842    i.OS_Init           osal_core.o
    0x080012c4   0x080012c4   0x00000002   Code   RO          907    i.OS_Msg_Init       osal_msg.o
    0x080012c6   0x080012c6   0x00000008   Code   RO          843    i.OS_Start          osal_core.o
    0x080012ce   0x080012ce   0x00000016   Code   RO          955    i.OS_Task_Init      osal_task.o
    0x080012e4   0x080012e4   0x00000020   Code   RO         1064    i.OS_Timer_Init     osal_timer.o
    0x08001304   0x08001304   0x00000022   Code   RO         1065    i.OS_Timer_Start    osal_timer.o
    0x08001326   0x08001326   0x00000002   PAD
    0x08001328   0x08001328   0x00000064   Code   RO         1067    i.OS_Timer_Update   osal_timer.o
    0x0800138c   0x0800138c   0x00000002   Code   RO         6163    i.PendSV_Handler    stm32f4xx_it.o
    0x0800138e   0x0800138e   0x00000002   PAD
    0x08001390   0x08001390   0x00000020   Code   RO         3907    i.RCC_AHB1PeriphClockCmd  stm32f4xx_rcc.o
    0x080013b0   0x080013b0   0x00000020   Code   RO         3919    i.RCC_APB2PeriphClockCmd  stm32f4xx_rcc.o
    0x080013d0   0x080013d0   0x000000e8   Code   RO         3928    i.RCC_GetClocksFreq  stm32f4xx_rcc.o
    0x080014b8   0x080014b8   0x00000048   Code   RO         1166    i.SEGGER_RTT_Write  segger_rtt.o
    0x08001500   0x08001500   0x00000084   Code   RO         1167    i.SEGGER_RTT_WriteNoLock  segger_rtt.o
    0x08001584   0x08001584   0x00000022   Code   RO         1339    i.SEGGER_RTT_printf  segger_rtt_printf.o
    0x080015a6   0x080015a6   0x0000020a   Code   RO         1340    i.SEGGER_RTT_vprintf  segger_rtt_printf.o
    0x080017b0   0x080017b0   0x00000018   Code   RO         5065    i.SPI_Cmd           stm32f4xx_spi.o
    0x080017c8   0x080017c8   0x00000012   Code   RO         5071    i.SPI_I2S_DMACmd    stm32f4xx_spi.o
    0x080017da   0x080017da   0x0000003c   Code   RO         5078    i.SPI_Init          stm32f4xx_spi.o
    0x08001816   0x08001816   0x00000018   Code   RO         5081    i.SPI_StructInit    stm32f4xx_spi.o
    0x0800182e   0x0800182e   0x00000002   Code   RO         6164    i.SVC_Handler       stm32f4xx_it.o
    0x08001830   0x08001830   0x000000ec   Code   RO         6259    i.SetSysClock       system_stm32f4xx.o
    0x0800191c   0x0800191c   0x00000010   Code   RO         6165    i.SysTick_Handler   stm32f4xx_it.o
    0x0800192c   0x0800192c   0x00000068   Code   RO         6261    i.SystemInit        system_stm32f4xx.o
    0x08001994   0x08001994   0x00000008   Code   RO          560    i.System_Load       system_init.o
    0x0800199c   0x0800199c   0x00000034   Code   RO         6166    i.USART1_IRQHandler  stm32f4xx_it.o
    0x080019d0   0x080019d0   0x0000001e   Code   RO         5854    i.USART_ClearITPendingBit  stm32f4xx_usart.o
    0x080019ee   0x080019ee   0x00000018   Code   RO         5857    i.USART_Cmd         stm32f4xx_usart.o
    0x08001a06   0x08001a06   0x00000012   Code   RO         5858    i.USART_DMACmd      stm32f4xx_usart.o
    0x08001a18   0x08001a18   0x00000054   Code   RO         5861    i.USART_GetITStatus  stm32f4xx_usart.o
    0x08001a6c   0x08001a6c   0x0000004a   Code   RO         5863    i.USART_ITConfig    stm32f4xx_usart.o
    0x08001ab6   0x08001ab6   0x00000002   PAD
    0x08001ab8   0x08001ab8   0x000000d4   Code   RO         5864    i.USART_Init        stm32f4xx_usart.o
    0x08001b8c   0x08001b8c   0x0000000a   Code   RO         5871    i.USART_ReceiveData  stm32f4xx_usart.o
    0x08001b96   0x08001b96   0x00000018   Code   RO         5880    i.USART_StructInit  stm32f4xx_usart.o
    0x08001bae   0x08001bae   0x00000004   Code   RO         6167    i.UsageFault_Handler  stm32f4xx_it.o
    0x08001bb2   0x08001bb2   0x00000002   PAD
    0x08001bb4   0x08001bb4   0x0000001c   Code   RO          193    i.UserTask_Init     user_task.o
    0x08001bd0   0x08001bd0   0x000000f0   Code   RO          194    i.UserTask_Process  user_task.o
    0x08001cc0   0x08001cc0   0x00000014   Code   RO          195    i.UserTask_Send_Event  user_task.o
    0x08001cd4   0x08001cd4   0x00000070   Code   RO         1171    i._DoInit           segger_rtt.o
    0x08001d44   0x08001d44   0x0000001c   Code   RO         1172    i._GetAvailWriteSpace  segger_rtt.o
    0x08001d60   0x08001d60   0x000000ec   Code   RO         1341    i._PrintInt         segger_rtt_printf.o
    0x08001e4c   0x08001e4c   0x000000ec   Code   RO         1342    i._PrintUnsigned    segger_rtt_printf.o
    0x08001f38   0x08001f38   0x00000044   Code   RO         1343    i._StoreChar        segger_rtt_printf.o
    0x08001f7c   0x08001f7c   0x00000072   Code   RO         1174    i._WriteBlocking    segger_rtt.o
    0x08001fee   0x08001fee   0x0000004c   Code   RO         1175    i._WriteNoCheck     segger_rtt.o
    0x0800203a   0x0800203a   0x00000006   Code   RO          844    i.__get_PRIMASK     osal_core.o
    0x08002040   0x08002040   0x00000006   Code   RO         1068    i.__get_PRIMASK     osal_timer.o
    0x08002046   0x08002046   0x00000006   Code   RO          777    i.__set_PRIMASK     osal_clock.o
    0x0800204c   0x0800204c   0x00000006   Code   RO          845    i.__set_PRIMASK     osal_core.o
    0x08002052   0x08002052   0x00000006   Code   RO         1069    i.__set_PRIMASK     osal_timer.o
    0x08002058   0x08002058   0x00000010   Code   RO          361    i.bsp_getusartTx_count  stm32f4xx_bsp_usart.o
    0x08002068   0x08002068   0x00000002   Code   RO          514    i.bsp_spi1Rx_func   stm32f4xx_bsp_spi.o
    0x0800206a   0x0800206a   0x00000002   PAD
    0x0800206c   0x0800206c   0x000000ac   Code   RO          362    i.bsp_usartTx_enqueue  stm32f4xx_bsp_usart.o
    0x08002118   0x08002118   0x0000001c   Code   RO          363    i.bsp_usartTx_getqueuefreespace  stm32f4xx_bsp_usart.o
    0x08002134   0x08002134   0x00000018   Code   RO         6119    i.main              main.o
    0x0800214c   0x0800214c   0x00000044   Code   RO         1377    i.my_mem_init       malloc.o
    0x08002190   0x08002190   0x00000040   Code   RO         1379    i.my_mem_perused    malloc.o
    0x080021d0   0x080021d0   0x00000014   Code   RO         1383    i.mymemset          malloc.o
    0x080021e4   0x080021e4   0x00000080   Code   RO          846    i.osalRun           osal_core.o
    0x08002264   0x08002264   0x00000020   Code   RO          847    i.osalTimeUpdate    osal_core.o
    0x08002284   0x08002284   0x0000007c   Code   RO         1070    i.osalTimerAdd      osal_timer.o
    0x08002300   0x08002300   0x00000060   Code   RO         1071    i.osalTimerAlloc    osal_timer.o
    0x08002360   0x08002360   0x00000040   Code   RO         1072    i.osalTimerFind     osal_timer.o
    0x080023a0   0x080023a0   0x0000000a   Code   RO         6439    x$fpl$fpinit        fz_wm.l(fpinit.o)
    0x080023aa   0x080023aa   0x00000002   PAD
    0x080023ac   0x080023ac   0x00000008   Data   RO          956    .constdata          osal_task.o
    0x080023b4   0x080023b4   0x00000010   Data   RO         1344    .constdata          segger_rtt_printf.o
    0x080023c4   0x080023c4   0x00000024   Data   RO         1390    .constdata          malloc.o
    0x080023e8   0x080023e8   0x00000020   Data   RO         6507    Region$$Table       anon$$obj.o


    Execution Region RW_IRAM1 (Exec base: 0x20000000, Load base: 0x08002408, Size: 0x000121c0, Max: 0x00020000, ABSOLUTE)

    Exec Addr    Load Addr    Size         Type   Attr      Idx    E Section Name        Object

    0x20000000   0x08002408   0x00000001   Data   RW            6    .data               hal_task.o
    0x20000001   0x08002409   0x00000001   Data   RW          196    .data               user_task.o
    0x20000002   0x0800240a   0x00000002   PAD
    0x20000004   0x0800240c   0x00000020   Data   RW          366    .data               stm32f4xx_bsp_usart.o
    0x20000024   0x0800242c   0x00000004   Data   RW          515    .data               stm32f4xx_bsp_spi.o
    0x20000028   0x08002430   0x0000000c   Data   RW          779    .data               osal_clock.o
    0x20000034   0x0800243c   0x00000004   Data   RW          848    .data               osal_core.o
    0x20000038   0x08002440   0x00000008   Data   RW          957    .data               osal_task.o
    0x20000040   0x08002448   0x00000004   Data   RW         1075    .data               osal_timer.o
    0x20000044   0x0800244c   0x00000024   Data   RW         1391    .data               malloc.o
    0x20000068   0x08002470   0x00000010   Data   RW         3960    .data               stm32f4xx_rcc.o
    0x20000078        -       0x00000398   Zero   RW          365    .bss                stm32f4xx_bsp_usart.o
    0x20000410        -       0x00000190   Zero   RW          450    .bss                stm32f4xx_bsp_adc.o
    0x200005a0        -       0x000000f0   Zero   RW         1074    .bss                osal_timer.o
    0x20000690        -       0x000004b8   Zero   RW         1176    .bss                segger_rtt.o
    0x20000b48   0x08002480   0x00000018   PAD
    0x20000b60        -       0x00011000   Zero   RW         1389    .bss                malloc.o
    0x20011b60        -       0x00000060   Zero   RW         6381    .bss                c_w.l(libspace.o)
    0x20011bc0        -       0x00000200   Zero   RW         6109    HEAP                startup_stm32f407xx.o
    0x20011dc0        -       0x00000400   Zero   RW         6108    STACK               startup_stm32f407xx.o



  Load Region LR$$.ARM.__AT_0x10000000 (Base: 0x10000000, Size: 0x00000000, Max: 0x0000f000, ABSOLUTE)

    Execution Region ER$$.ARM.__AT_0x10000000 (Exec base: 0x10000000, Load base: 0x10000000, Size: 0x0000f000, Max: 0x0000f000, ABSOLUTE, UNINIT)

    Exec Addr    Load Addr    Size         Type   Attr      Idx    E Section Name        Object

    0x10000000        -       0x0000f000   Zero   RW         1385    .ARM.__AT_0x10000000  malloc.o



  Load Region LR$$.ARM.__AT_0x1000F000 (Base: 0x1000f000, Size: 0x00000000, Max: 0x00000f00, ABSOLUTE)

    Execution Region ER$$.ARM.__AT_0x1000F000 (Exec base: 0x1000f000, Load base: 0x1000f000, Size: 0x00000f00, Max: 0x00000f00, ABSOLUTE, UNINIT)

    Exec Addr    Load Addr    Size         Type   Attr      Idx    E Section Name        Object

    0x1000f000        -       0x00000f00   Zero   RW         1386    .ARM.__AT_0x1000F000  malloc.o



  Load Region LR$$.ARM.__AT_0x68000000 (Base: 0x68000000, Size: 0x00000000, Max: 0x000f0000, ABSOLUTE)

    Execution Region ER$$.ARM.__AT_0x68000000 (Exec base: 0x68000000, Load base: 0x68000000, Size: 0x000f0000, Max: 0x000f0000, ABSOLUTE, UNINIT)

    Exec Addr    Load Addr    Size         Type   Attr      Idx    E Section Name        Object

    0x68000000        -       0x000f0000   Zero   RW         1387    .ARM.__AT_0x68000000  malloc.o



  Load Region LR$$.ARM.__AT_0x680F0000 (Base: 0x680f0000, Size: 0x00000000, Max: 0x0000f000, ABSOLUTE)

    Execution Region ER$$.ARM.__AT_0x680F0000 (Exec base: 0x680f0000, Load base: 0x680f0000, Size: 0x0000f000, Max: 0x0000f000, ABSOLUTE, UNINIT)

    Exec Addr    Load Addr    Size         Type   Attr      Idx    E Section Name        Object

    0x680f0000        -       0x0000f000   Zero   RW         1388    .ARM.__AT_0x680F0000  malloc.o


==============================================================================

Image component sizes


      Code (inc. data)   RO Data    RW Data    ZI Data      Debug   Object Name

       124         52          0          0          0       1092   bsp_init.o
        18          6          0          1          0     310376   hal_task.o
        24          0          0          0          0        527   main.o
       152         24         36         36    1179392       4092   malloc.o
       120         14          0          0          0       1376   misc.o
         0          0          0          0          0        604   osal.o
       158         22          0         12          0       8018   osal_clock.o
       248         22          0          4          0       4181   osal_core.o
         2          0          0          0          0        526   osal_msg.o
        22          0          8          8          0       2032   osal_task.o
       462         22          0          4        240       6631   osal_timer.o
       534         48          0          0       1208       8874   segger_rtt.o
      1096          6         16          0          0       6293   segger_rtt_printf.o
        64         26        392          0       1536        992   startup_stm32f407xx.o
       446         24          0          0          0       8503   stm32f4xx_adc.o
       416         24          0          0        400       2645   stm32f4xx_bsp_adc.o
       486         38          0          4          0       3321   stm32f4xx_bsp_spi.o
        96         10          0          0          0      31078   stm32f4xx_bsp_systick.o
      1164        106          0         32        920       6517   stm32f4xx_bsp_usart.o
       362         38          0          0          0       6576   stm32f4xx_dma.o
       232          0          0          0          0       2897   stm32f4xx_gpio.o
       276        158          0          0          0       7246   stm32f4xx_it.o
       296         30          0         16          0       4726   stm32f4xx_rcc.o
       126          0          0          0          0       3575   stm32f4xx_spi.o
       476          8          0          0          0       7210   stm32f4xx_usart.o
         8          0          0          0          0        538   system_init.o
       340         32          0          0          0       1793   system_stm32f4xx.o
       288        114          0          1          0       4553   user_task.o

    ----------------------------------------------------------------------
      8058        824        484        120    1183720     446792   Object Totals
         0          0         32          0          0          0   (incl. Generated)
        22          0          0          2         24          0   (incl. Padding)

    ----------------------------------------------------------------------

      Code (inc. data)   RO Data    RW Data    ZI Data      Debug   Library Member Name

         8          0          0          0          0         68   __main.o
         0          0          0          0          0          0   __rtentry.o
        12          0          0          0          0          0   __rtentry2.o
         6          0          0          0          0          0   __rtentry4.o
        52          8          0          0          0          0   __scatter.o
        26          0          0          0          0          0   __scatter_copy.o
        28          0          0          0          0          0   __scatter_zi.o
        18          0          0          0          0         80   exit.o
         6          0          0          0          0        152   heapauxi.o
         0          0          0          0          0          0   indicate_semi.o
         2          0          0          0          0          0   libinit.o
         6          0          0          0          0          0   libinit2.o
         2          0          0          0          0          0   libshutdown.o
         2          0          0          0          0          0   libshutdown2.o
         8          4          0          0         96         68   libspace.o
        78          0          0          0          0         80   rt_memclr_w.o
       138          0          0          0          0         68   rt_memcpy_v6.o
       100          0          0          0          0         80   rt_memcpy_w.o
         2          0          0          0          0          0   rtexit.o
        10          0          0          0          0          0   rtexit2.o
        72          0          0          0          0         80   strcpy.o
        12          4          0          0          0         68   sys_exit.o
        74          0          0          0          0         80   sys_stackheap_outer.o
         2          0          0          0          0         68   use_no_semi.o
        10          0          0          0          0        116   fpinit.o

    ----------------------------------------------------------------------
       682         16          0          0         96       1008   Library Totals
         8          0          0          0          0          0   (incl. Padding)

    ----------------------------------------------------------------------

      Code (inc. data)   RO Data    RW Data    ZI Data      Debug   Library Name

       664         16          0          0         96        892   c_w.l
        10          0          0          0          0        116   fz_wm.l

    ----------------------------------------------------------------------
       682         16          0          0         96       1008   Library Totals

    ----------------------------------------------------------------------

==============================================================================


      Code (inc. data)   RO Data    RW Data    ZI Data      Debug   

      8740        840        484        120    1183816     437036   Grand Totals
      8740        840        484        120    1183816     437036   ELF Image Totals
      8740        840        484        120          0          0   ROM Totals

==============================================================================

    Total RO  Size (Code + RO Data)                 9224 (   9.01kB)
    Total RW  Size (RW Data + ZI Data)           1183936 (1156.19kB)
    Total ROM Size (Code + RO Data + RW Data)       9344 (   9.13kB)

==============================================================================

