<html>
<body>
<pre>
<h1>µVision Build Log</h1>
<h2>Tool Versions:</h2>
IDE-Version: ¦ÌVision V5.28.0.0
Copyright (C) 2019 ARM Ltd and ARM Germany GmbH. All rights reserved.
License Information: 123 3, 241, LIC=7YKKP-MSXZ1-ZCHJY-IGNN5-IDFAI-NUK50
 
Tool Versions:
Toolchain:       MDK-ARM Professional  Version: 5.28.0.0
Toolchain Path:  D:\Keil_v5\ARM\ARMCC\Bin
C Compiler:      Armcc.exe V5.06 update 6 (build 750)
Assembler:       Armasm.exe V5.06 update 6 (build 750)
Linker/Locator:  ArmLink.exe V5.06 update 6 (build 750)
Library Manager: ArmAr.exe V5.06 update 6 (build 750)
Hex Converter:   FromElf.exe V5.06 update 6 (build 750)
CPU DLL:         SARMCM3.DLL V5.28.0.0
Dialog DLL:      DCM.DLL V1.17.3.0
Target DLL:      Segger\JL2CM3.dll V2.99.36.0
Dialog DLL:      TCM.DLL V1.36.2.0
 
<h2>Project:</h2>
E:\github_project\RoadRollerSensor\code\stm32F4xx\stm32f4xx\projects\stm32f4xx\mdk\stm32f407.uvprojx
Project File Date:  09/24/2019

<h2>Output:</h2>
*** Using Compiler 'V5.06 update 6 (build 750)', folder: 'D:\Keil_v5\ARM\ARMCC\Bin'
Build target 'stm32f407'
compiling bsp_init.c...
compiling stm32f4xx_bsp_systick.c...
compiling hal_task.c...
compiling user_task.c...
compiling system_init.c...
compiling system_param.c...
compiling crc.c...
compiling version.c...
compiling stm32f4xx_bsp_adc.c...
compiling stm32f4xx_bsp_spi.c...
compiling clog.c...
compiling stm32f4xx_bsp_usart.c...
..\..\..\components\bsp\stm32f4xx_bsp\src\stm32f4xx_bsp_usart.c(72): warning:  #177-D: variable "USART2_Tx_Buf"  was declared but never referenced
  static uint8_t USART2_Tx_Buf[BSP_USART2_TXBUF_SIZE] = { 0 };
..\..\..\components\bsp\stm32f4xx_bsp\src\stm32f4xx_bsp_usart.c(73): warning:  #177-D: variable "USART2_Rx_Buf"  was declared but never referenced
  static uint8_t USART2_Rx_Buf[BSP_USART2_RXBUF_SIZE] = { 0 };
..\..\..\components\bsp\stm32f4xx_bsp\src\stm32f4xx_bsp_usart.c: 2 warnings, 0 errors
compiling osal_cfg.c...
compiling osal_cpu.c...
compiling osal.c...
compiling osal_clock.c...
compiling osal_core.c...
compiling osal_task.c...
compiling osal_msg.c...
compiling osal_timeout.c...
compiling osal_timer.c...
compiling SEGGER_RTT_printf.c...
compiling SEGGER_RTT.c...
compiling malloc.c...
compiling misc.c...
compiling stm32f4xx_adc.c...
compiling stm32f4xx_can.c...
compiling stm32f4xx_cec.c...
compiling stm32f4xx_crc.c...
compiling stm32f4xx_dac.c...
compiling stm32f4xx_dbgmcu.c...
compiling stm32f4xx_dfsdm.c...
compiling stm32f4xx_dcmi.c...
compiling stm32f4xx_dma2d.c...
compiling stm32f4xx_dma.c...
compiling stm32f4xx_dsi.c...
compiling stm32f4xx_exti.c...
compiling stm32f4xx_flash.c...
compiling stm32f4xx_fsmc.c...
compiling stm32f4xx_gpio.c...
compiling stm32f4xx_hash.c...
compiling stm32f4xx_iwdg.c...
compiling stm32f4xx_i2c.c...
compiling stm32f4xx_lptim.c...
compiling stm32f4xx_ltdc.c...
compiling stm32f4xx_qspi.c...
compiling stm32f4xx_pwr.c...
compiling stm32f4xx_rcc.c...
compiling stm32f4xx_rng.c...
compiling stm32f4xx_sai.c...
compiling stm32f4xx_rtc.c...
compiling stm32f4xx_sdio.c...
compiling stm32f4xx_spdifrx.c...
compiling stm32f4xx_spi.c...
compiling stm32f4xx_syscfg.c...
compiling stm32f4xx_usart.c...
compiling stm32f4xx_tim.c...
compiling stm32f4xx_wwdg.c...
compiling main.c...
compiling stm32f4xx_it.c...
compiling system_stm32f4xx.c...
linking...
Program Size: Code=8740 RO-data=484 RW-data=120 ZI-data=1183816  
".\Objects\stm32f407.axf" - 0 Error(s), 2 Warning(s).

<h2>Software Packages used:</h2>

Package Vendor: Keil
                http://www.keil.com/pack/Keil.STM32F4xx_DFP.2.13.0.pack
                Keil.STM32F4xx_DFP.2.13.0
                STMicroelectronics STM32F4 Series Device Support, Drivers and Examples

<h2>Collection of Component include folders:</h2>
  .\RTE\_stm32f407
  D:\Keil_v5\Arm\Packs\Keil\STM32F4xx_DFP\2.13.0\Drivers\CMSIS\Device\ST\STM32F4xx\Include

<h2>Collection of Component Files used:</h2>
Build Time Elapsed:  00:00:37
</pre>
</body>
</html>
